<html>
<body>
<pre>
<h1>礦ision Build Log</h1>
<h2>Project:</h2>
C:\Users\Administrator\Desktop\智能鱼缸程序备份\智能鱼缸程序\YT32B1_STM32F103_demo.uvproj
Project File Date:  08/11/2021

<h2>Output:</h2>
Build target 'Target 1'
compiling main.c...
User\main.c(250): error:  #20: identifier "HuanYingShiYon" is undefined
User\main.c:    OLED_DISPLAY_Buff_16x16(0,3*16,HuanYingShiYon,4); //显示一串汉字,num定义显示的汉字个数
User\main.c:                                   ^
User\main.c: User\main.c: 0 warnings, 1 error
Target not created
Build target 'Target 1'
compiling core_cm3.c...
compiling system_stm32f10x.c...
compiling misc.c...
compiling stm32f10x_gpio.c...
compiling stm32f10x_rcc.c...
compiling stm32f10x_usart.c...
compiling stm32f10x_bkp.c...
compiling stm32f10x_pwr.c...
compiling stm32f10x_rtc.c...
compiling stm32f10x_flash.c...
compiling stm32f10x_i2c.c...
compiling stm32f10x_exti.c...
compiling stm32f10x_dma.c...
compiling stm32f10x_adc.c...
compiling stm32f10x_tim.c...
assembling startup_stm32f10x_md.s...
compiling main.c...
compiling stm32f10x_it.c...
compiling delay.c...
compiling sys.c...
compiling flash.c...
compiling usart.c...
compiling rtc.c...
compiling i2c.c...
compiling NVIC.c...
compiling adc.c...
compiling pwm.c...
compiling led.c...
compiling key.c...
compiling buzzer.c...
compiling touch_key.c...
compiling oled0561.c...
compiling ds18b20.c...
compiling relay.c...
compiling ds18b20_2.c...
compiling ChangeWatIoConfig.c...
linking...
Program Size: Code=53812 RO-data=6184 RW-data=64 ZI-data=1832  
FromELF: creating hex file...
"YT32B1_STM32F103_demo.axf" - 0 Error(s), 0 Warning(s).
Build target 'Target 1'
compiling main.c...
linking...
Program Size: Code=53892 RO-data=6408 RW-data=64 ZI-data=1832  
FromELF: creating hex file...
"YT32B1_STM32F103_demo.axf" - 0 Error(s), 0 Warning(s).
Build target 'Target 1'
compiling main.c...
linking...
Program Size: Code=53960 RO-data=6504 RW-data=64 ZI-data=1832  
FromELF: creating hex file...
"YT32B1_STM32F103_demo.axf" - 0 Error(s), 0 Warning(s).
Build target 'Target 1'
compiling main.c...
linking...
Program Size: Code=53964 RO-data=6504 RW-data=64 ZI-data=1832  
FromELF: creating hex file...
"YT32B1_STM32F103_demo.axf" - 0 Error(s), 0 Warning(s).
Build target 'Target 1'
compiling main.c...
linking...
Program Size: Code=54012 RO-data=6504 RW-data=64 ZI-data=1832  
FromELF: creating hex file...
"YT32B1_STM32F103_demo.axf" - 0 Error(s), 0 Warning(s).
Build target 'Target 1'
compiling main.c...
User\main.c(435): error:  #20: identifier "SetInstructFlag" is undefined
User\main.c:                    if(SetInstructFlag == 1){
User\main.c:                       ^
User\main.c: User\main.c: 0 warnings, 1 error
Target not created
Build target 'Target 1'
compiling main.c...
linking...
Program Size: Code=54032 RO-data=6504 RW-data=64 ZI-data=1832  
FromELF: creating hex file...
"YT32B1_STM32F103_demo.axf" - 0 Error(s), 0 Warning(s).
Build target 'Target 1'
compiling main.c...
linking...
Program Size: Code=54196 RO-data=6600 RW-data=64 ZI-data=1832  
FromELF: creating hex file...
"YT32B1_STM32F103_demo.axf" - 0 Error(s), 0 Warning(s).
Build target 'Target 1'
compiling main.c...
linking...
Program Size: Code=54196 RO-data=6600 RW-data=64 ZI-data=1832  
FromELF: creating hex file...
"YT32B1_STM32F103_demo.axf" - 0 Error(s), 0 Warning(s).
Build target 'Target 1'
compiling main.c...
linking...
Program Size: Code=54208 RO-data=6600 RW-data=64 ZI-data=1832  
FromELF: creating hex file...
"YT32B1_STM32F103_demo.axf" - 0 Error(s), 0 Warning(s).
Build target 'Target 1'
compiling main.c...
linking...
Program Size: Code=54280 RO-data=6632 RW-data=64 ZI-data=1832  
FromELF: creating hex file...
"YT32B1_STM32F103_demo.axf" - 0 Error(s), 0 Warning(s).
Build target 'Target 1'
compiling main.c...
linking...
Program Size: Code=54376 RO-data=6696 RW-data=64 ZI-data=1832  
FromELF: creating hex file...
"YT32B1_STM32F103_demo.axf" - 0 Error(s), 0 Warning(s).
