ARM Linker, 4.1 [Build 481] [Standard]

==============================================================================

Section Cross References

    system_stm32f10x.o(.text) refers to system_stm32f10x.o(.data) for SystemCoreClock
    stm32f10x_gpio.o(.text) refers to stm32f10x_rcc.o(.text) for RCC_APB2PeriphResetCmd
    stm32f10x_rcc.o(.text) refers to stm32f10x_rcc.o(.data) for APBAHBPrescTable
    stm32f10x_usart.o(.text) refers to stm32f10x_rcc.o(.text) for RCC_APB2PeriphResetCmd
    stm32f10x_bkp.o(.text) refers to stm32f10x_rcc.o(.text) for RCC_BackupResetCmd
    stm32f10x_pwr.o(.text) refers to stm32f10x_rcc.o(.text) for RCC_APB1PeriphResetCmd
    stm32f10x_i2c.o(.text) refers to stm32f10x_rcc.o(.text) for RCC_APB1PeriphResetCmd
    stm32f10x_adc.o(.text) refers to stm32f10x_rcc.o(.text) for RCC_APB2PeriphResetCmd
    stm32f10x_tim.o(.text) refers to stm32f10x_rcc.o(.text) for RCC_APB2PeriphResetCmd
    startup_stm32f10x_md.o(STACK) refers (Special) to heapauxi.o(.text) for __use_two_region_memory
    startup_stm32f10x_md.o(HEAP) refers (Special) to heapauxi.o(.text) for __use_two_region_memory
    startup_stm32f10x_md.o(RESET) refers (Special) to heapauxi.o(.text) for __use_two_region_memory
    startup_stm32f10x_md.o(RESET) refers to startup_stm32f10x_md.o(STACK) for __initial_sp
    startup_stm32f10x_md.o(RESET) refers to startup_stm32f10x_md.o(.text) for Reset_Handler
    startup_stm32f10x_md.o(RESET) refers to stm32f10x_it.o(.text) for NMI_Handler
    startup_stm32f10x_md.o(RESET) refers to rtc.o(.text) for RTC_IRQHandler
    startup_stm32f10x_md.o(RESET) refers to nvic.o(.text) for EXTI0_IRQHandler
    startup_stm32f10x_md.o(RESET) refers to usart.o(.text) for USART1_IRQHandler
    startup_stm32f10x_md.o(.text) refers (Special) to heapauxi.o(.text) for __use_two_region_memory
    startup_stm32f10x_md.o(.text) refers to system_stm32f10x.o(.text) for SystemInit
    startup_stm32f10x_md.o(.text) refers to __main.o(!!!main) for __main
    startup_stm32f10x_md.o(.text) refers to startup_stm32f10x_md.o(HEAP) for Heap_Mem
    startup_stm32f10x_md.o(.text) refers to startup_stm32f10x_md.o(STACK) for Stack_Mem
    main.o(.text) refers to rt_memclr_w.o(.text) for __aeabi_memclr4
    main.o(.text) refers to delay.o(.text) for delay_ms
    main.o(.text) refers to sys.o(.text) for RCC_Configuration
    main.o(.text) refers to i2c.o(.text) for I2C_Configuration
    main.o(.text) refers to oled0561.o(.text) for OLED0561_Init
    main.o(.text) refers to ds18b20.o(.text) for DS18B20_Init
    main.o(.text) refers to rtc.o(.text) for RTC_Config
    main.o(.text) refers to nvic.o(.text) for EXti_Config
    main.o(.text) refers to relay.o(.text) for RELAY_Init
    main.o(.text) refers to adc.o(.text) for ADCx_Init
    main.o(.text) refers to changewatioconfig.o(.text) for ChangeWatIoConfig
    main.o(.text) refers to flash.o(.text) for FLASH_R
    main.o(.text) refers to stm32f10x_bkp.o(.text) for BKP_ReadBackupRegister
    main.o(.text) refers to main.o(.constdata) for HuanYingShiYon_16
    main.o(.text) refers to ffix.o(x$fpl$ffix) for __aeabi_f2iz
    main.o(.text) refers to ds18b20_2.o(.text) for DS18B20_Get_Temp_2
    main.o(.text) refers to rtc.o(.data) for rsec
    main.o(.text) refers to adc.o(.data) for ADC_ConvertedValue
    main.o(.text) refers to nvic.o(.data) for KEY
    main.o(.text) refers to stm32f10x_gpio.o(.text) for GPIO_ReadInputDataBit
    main.o(.text) refers to pwm.o(.text) for TIM3_PWM_CH3_Init
    main.o(.text) refers to stm32f10x_tim.o(.text) for TIM_SetCompare3
    sys.o(.text) refers to misc.o(.text) for NVIC_PriorityGroupConfig
    sys.o(.text) refers to stm32f10x_rcc.o(.text) for RCC_DeInit
    sys.o(.text) refers to stm32f10x_flash.o(.text) for FLASH_SetLatency
    flash.o(.text) refers to stm32f10x_flash.o(.text) for FLASH_Unlock
    usart.o(.text) refers (Special) to use_no_semi_2.o(.text) for __use_no_semihosting
    usart.o(.text) refers to _printf_percent.o(.ARM.Collect$$_printf_percent$$00000000) for _printf_percent
    usart.o(.text) refers to _printf_c.o(.ARM.Collect$$_printf_percent$$00000013) for _printf_c
    usart.o(.text) refers to _printf_str.o(.text) for _printf_str
    usart.o(.text) refers to c89vsnprintf.o(.text) for __c89vsnprintf
    usart.o(.text) refers to stm32f10x_usart.o(.text) for USART_SendData
    usart.o(.text) refers to strlen.o(.text) for strlen
    usart.o(.text) refers to stm32f10x_rcc.o(.text) for RCC_APB2PeriphClockCmd
    usart.o(.text) refers to stm32f10x_gpio.o(.text) for GPIO_Init
    usart.o(.text) refers to misc.o(.text) for NVIC_Init
    usart.o(.text) refers to __2printf.o(.text) for __2printf
    usart.o(.text) refers to usart.o(.data) for USART1_RX_STA
    usart.o(.text) refers to usart.o(.bss) for USART1_RX_BUF
    usart.o(.bss) refers (Special) to use_no_semi_2.o(.text) for __use_no_semihosting
    usart.o(.data) refers (Special) to use_no_semi_2.o(.text) for __use_no_semihosting
[...]
    GPIO_ReadOutputData                      0x08000707   Thumb Code     8  stm32f10x_gpio.o(.text)
    GPIO_SetBits                             0x0800070f   Thumb Code     4  stm32f10x_gpio.o(.text)
    GPIO_ResetBits                           0x08000713   Thumb Code     4  stm32f10x_gpio.o(.text)
    GPIO_WriteBit                            0x08000717   Thumb Code    10  stm32f10x_gpio.o(.text)
    GPIO_Write                               0x08000721   Thumb Code     4  stm32f10x_gpio.o(.text)
    GPIO_PinLockConfig                       0x08000725   Thumb Code    18  stm32f10x_gpio.o(.text)
    GPIO_EventOutputConfig                   0x08000737   Thumb Code    26  stm32f10x_gpio.o(.text)
    GPIO_EventOutputCmd                      0x08000751   Thumb Code     6  stm32f10x_gpio.o(.text)
    GPIO_PinRemapConfig                      0x08000757   Thumb Code   138  stm32f10x_gpio.o(.text)
    GPIO_EXTILineConfig                      0x080007e1   Thumb Code    66  stm32f10x_gpio.o(.text)
    GPIO_ETH_MediaInterfaceConfig            0x08000823   Thumb Code     6  stm32f10x_gpio.o(.text)
    RCC_DeInit                               0x08000851   Thumb Code    64  stm32f10x_rcc.o(.text)
    RCC_HSEConfig                            0x08000891   Thumb Code    70  stm32f10x_rcc.o(.text)
    RCC_GetFlagStatus                        0x080008d7   Thumb Code    56  stm32f10x_rcc.o(.text)
    RCC_WaitForHSEStartUp                    0x0800090f   Thumb Code    48  stm32f10x_rcc.o(.text)
    RCC_AdjustHSICalibrationValue            0x0800093f   Thumb Code    20  stm32f10x_rcc.o(.text)
    RCC_HSICmd                               0x08000953   Thumb Code     6  stm32f10x_rcc.o(.text)
    RCC_PLLConfig                            0x08000959   Thumb Code    24  stm32f10x_rcc.o(.text)
    RCC_PLLCmd                               0x08000971   Thumb Code     6  stm32f10x_rcc.o(.text)
    RCC_SYSCLKConfig                         0x08000977   Thumb Code    18  stm32f10x_rcc.o(.text)
    RCC_GetSYSCLKSource                      0x08000989   Thumb Code    10  stm32f10x_rcc.o(.text)
    RCC_HCLKConfig                           0x08000993   Thumb Code    18  stm32f10x_rcc.o(.text)
    RCC_PCLK1Config                          0x080009a5   Thumb Code    18  stm32f10x_rcc.o(.text)
    RCC_PCLK2Config                          0x080009b7   Thumb Code    20  stm32f10x_rcc.o(.text)
    RCC_ITConfig                             0x080009cb   Thumb Code    30  stm32f10x_rcc.o(.text)
    RCC_USBCLKConfig                         0x080009e9   Thumb Code     6  stm32f10x_rcc.o(.text)
    RCC_ADCCLKConfig                         0x080009ef   Thumb Code    18  stm32f10x_rcc.o(.text)
    RCC_LSEConfig                            0x08000a01   Thumb Code    44  stm32f10x_rcc.o(.text)
    RCC_LSICmd                               0x08000a2d   Thumb Code     6  stm32f10x_rcc.o(.text)
    RCC_RTCCLKConfig                         0x08000a33   Thumb Code    12  stm32f10x_rcc.o(.text)
    RCC_RTCCLKCmd                            0x08000a3f   Thumb Code     6  stm32f10x_rcc.o(.text)
    RCC_GetClocksFreq                        0x08000a45   Thumb Code   192  stm32f10x_rcc.o(.text)
    RCC_AHBPeriphClockCmd                    0x08000b05   Thumb Code    26  stm32f10x_rcc.o(.text)
    RCC_APB2PeriphClockCmd                   0x08000b1f   Thumb Code    26  stm32f10x_rcc.o(.text)
    RCC_APB1PeriphClockCmd                   0x08000b39   Thumb Code    26  stm32f10x_rcc.o(.text)
    RCC_APB2PeriphResetCmd                   0x08000b53   Thumb Code    26  stm32f10x_rcc.o(.text)
    RCC_APB1PeriphResetCmd                   0x08000b6d   Thumb Code    26  stm32f10x_rcc.o(.text)
    RCC_BackupResetCmd                       0x08000b87   Thumb Code     6  stm32f10x_rcc.o(.text)
    RCC_ClockSecuritySystemCmd               0x08000b8d   Thumb Code     6  stm32f10x_rcc.o(.text)
    RCC_MCOConfig                            0x08000b93   Thumb Code     6  stm32f10x_rcc.o(.text)
    RCC_ClearFlag                            0x08000b99   Thumb Code    14  stm32f10x_rcc.o(.text)
    RCC_GetITStatus                          0x08000ba7   Thumb Code    20  stm32f10x_rcc.o(.text)
    RCC_ClearITPendingBit                    0x08000bbb   Thumb Code     6  stm32f10x_rcc.o(.text)
    USART_DeInit                             0x08000bf5   Thumb Code   134  stm32f10x_usart.o(.text)
    USART_Init                               0x08000c7b   Thumb Code   210  stm32f10x_usart.o(.text)
    USART_StructInit                         0x08000d4d   Thumb Code    24  stm32f10x_usart.o(.text)
    USART_ClockInit                          0x08000d65   Thumb Code    34  stm32f10x_usart.o(.text)
    USART_ClockStructInit                    0x08000d87   Thumb Code    12  stm32f10x_usart.o(.text)
    USART_Cmd                                0x08000d93   Thumb Code    24  stm32f10x_usart.o(.text)
    USART_ITConfig                           0x08000dab   Thumb Code    74  stm32f10x_usart.o(.text)
    USART_DMACmd                             0x08000df5   Thumb Code    24  stm32f10x_usart.o(.text)
    USART_SetAddress                         0x08000e0d   Thumb Code    18  stm32f10x_usart.o(.text)
    USART_WakeUpConfig                       0x08000e1f   Thumb Code    18  stm32f10x_usart.o(.text)
    USART_ReceiverWakeUpCmd                  0x08000e31   Thumb Code    24  stm32f10x_usart.o(.text)
    USART_LINBreakDetectLengthConfig         0x08000e49   Thumb Code    18  stm32f10x_usart.o(.text)
    USART_LINCmd                             0x08000e5b   Thumb Code    24  stm32f10x_usart.o(.text)
    USART_SendData                           0x08000e73   Thumb Code     8  stm32f10x_usart.o(.text)
    USART_ReceiveData                        0x08000e7b   Thumb Code    10  stm32f10x_usart.o(.text)
    USART_SendBreak                          0x08000e85   Thumb Code    10  stm32f10x_usart.o(.text)
    USART_SetGuardTime                       0x08000e8f   Thumb Code    16  stm32f10x_usart.o(.text)
    USART_SetPrescaler                       0x08000e9f   Thumb Code    16  stm32f10x_usart.o(.text)
    USART_SmartCardCmd                       0x08000eaf   Thumb Code    24  stm32f10x_usart.o(.text)
    USART_SmartCardNACKCmd                   0x08000ec7   Thumb Code    24  stm32f10x_usart.o(.text)
    USART_HalfDuplexCmd                      0x08000edf   Thumb Code    24  stm32f10x_usart.o(.text)
    USART_OverSampling8Cmd                   0x08000ef7   Thumb Code    22  stm32f10x_usart.o(.text)
    USART_OneBitMethodCmd                    0x08000f0d   Thumb Code    24  stm32f10x_usart.o(.text)
    USART_IrDAConfig                         0x08000f25   Thumb Code    18  stm32f10x_usart.o(.text)
    USART_IrDACmd                            0x08000f37   Thumb Code    24  stm32f10x_usart.o(.text)
    USART_GetFlagStatus                      0x08000f4f   Thumb Code    26  stm32f10x_usart.o(.text)
    USART_ClearFlag                          0x08000f69   Thumb Code    18  stm32f10x_usart.o(.text)
    USART_GetITStatus                        0x08000f7b   Thumb Code    84  stm32f10x_usart.o(.text)
    USART_ClearITPendingBit                  0x08000fcf   Thumb Code    50  stm32f10x_usart.o(.text)
    BKP_DeInit                               0x08001001   Thumb Code    16  stm32f10x_bkp.o(.text)
    BKP_TamperPinLevelConfig                 0x08001011   Thumb Code     6  stm32f10x_bkp.o(.text)
    BKP_TamperPinCmd                         0x08001017   Thumb Code     6  stm32f10x_bkp.o(.text)
    BKP_ITConfig                             0x0800101d   Thumb Code     6  stm32f10x_bkp.o(.text)
    BKP_RTCOutputConfig                      0x08001023   Thumb Code    28  stm32f10x_bkp.o(.text)
    BKP_SetRTCCalibrationValue               0x0800103f   Thumb Code    28  stm32f10x_bkp.o(.text)
    BKP_WriteBackupRegister                  0x0800105b   Thumb Code    12  stm32f10x_bkp.o(.text)
    BKP_ReadBackupRegister                   0x08001067   Thumb Code    14  stm32f10x_bkp.o(.text)
    BKP_GetFlagStatus                        0x08001075   Thumb Code     8  stm32f10x_bkp.o(.text)
    BKP_ClearFlag                            0x0800107d   Thumb Code    16  stm32f10x_bkp.o(.text)
    BKP_GetITStatus                          0x0800108d   Thumb Code     8  stm32f10x_bkp.o(.text)
    BKP_ClearITPendingBit                    0x08001095   Thumb Code    16  stm32f10x_bkp.o(.text)
    PWR_DeInit                               0x080010c5   Thumb Code    22  stm32f10x_pwr.o(.text)
    PWR_BackupAccessCmd                      0x080010db   Thumb Code     6  stm32f10x_pwr.o(.text)
    PWR_PVDCmd                               0x080010e1   Thumb Code     6  stm32f10x_pwr.o(.text)
    PWR_PVDLevelConfig                       0x080010e7   Thumb Code    18  stm32f10x_pwr.o(.text)
    PWR_WakeUpPinCmd                         0x080010f9   Thumb Code     6  stm32f10x_pwr.o(.text)
    PWR_EnterSTOPMode                        0x080010ff   Thumb Code    62  stm32f10x_pwr.o(.text)
    PWR_EnterSTANDBYMode                     0x0800113d   Thumb Code    46  stm32f10x_pwr.o(.text)
    PWR_GetFlagStatus                        0x0800116b   Thumb Code    20  stm32f10x_pwr.o(.text)
    PWR_ClearFlag                            0x0800117f   Thumb Code    14  stm32f10x_pwr.o(.text)
    RTC_ITConfig                             0x0800119d   Thumb Code    40  stm32f10x_rtc.o(.text)
    RTC_EnterConfigMode                      0x080011c5   Thumb Code    16  stm32f10x_rtc.o(.text)
    RTC_ExitConfigMode                       0x080011d5   Thumb Code    20  stm32f10x_rtc.o(.text)
    RTC_GetCounter                           0x080011e9   Thumb Code    18  stm32f10x_rtc.o(.text)
    RTC_SetCounter                           0x080011fb   Thumb Code    26  stm32f10x_rtc.o(.text)
    RTC_SetPrescaler                         0x08001215   Thumb Code    28  stm32f10x_rtc.o(.text)
    RTC_SetAlarm                             0x08001231   Thumb Code    26  stm32f10x_rtc.o(.text)
    RTC_GetDivider                           0x0800124b   Thumb Code    26  stm32f10x_rtc.o(.text)
    RTC_WaitForLastTask                      0x08001265   Thumb Code    14  stm32f10x_rtc.o(.text)
    RTC_WaitForSynchro                       0x08001273   Thumb Code    32  stm32f10x_rtc.o(.text)
    RTC_GetFlagStatus                        0x08001293   Thumb Code    20  stm32f10x_rtc.o(.text)
    RTC_ClearFlag                            0x080012a7   Thumb Code    22  stm32f10x_rtc.o(.text)
    RTC_GetITStatus                          0x080012bd   Thumb Code    34  stm32f10x_rtc.o(.text)
    RTC_ClearITPendingBit                    0x080012df   Thumb Code    22  stm32f10x_rtc.o(.text)
    FLASH_SetLatency                         0x08001315   Thumb Code    18  stm32f10x_flash.o(.text)
    FLASH_HalfCycleAccessCmd                 0x08001327   Thumb Code    22  stm32f10x_flash.o(.text)
    FLASH_PrefetchBufferCmd                  0x0800133d   Thumb Code    22  stm32f10x_flash.o(.text)
    FLASH_Unlock                             0x08001353   Thumb Code    12  stm32f10x_flash.o(.text)
    FLASH_UnlockBank1                        0x0800135f   Thumb Code    12  stm32f10x_flash.o(.text)
    FLASH_Lock                               0x0800136b   Thumb Code    14  stm32f10x_flash.o(.text)
    FLASH_LockBank1                          0x08001379   Thumb Code    14  stm32f10x_flash.o(.text)
    FLASH_GetBank1Status                     0x08001387   Thumb Code    50  stm32f10x_flash.o(.text)
    FLASH_WaitForLastOperation               0x080013b9   Thumb Code    38  stm32f10x_flash.o(.text)
    FLASH_ErasePage                          0x080013df   Thumb Code    72  stm32f10x_flash.o(.text)
    FLASH_EraseAllPages                      0x08001427   Thumb Code    68  stm32f10x_flash.o(.text)
    FLASH_WaitForLastBank1Operation          0x0800146b   Thumb Code    38  stm32f10x_flash.o(.text)
    FLASH_EraseAllBank1Pages                 0x08001491   Thumb Code    68  stm32f10x_flash.o(.text)
    FLASH_GetReadOutProtectionStatus         0x080014d5   Thumb Code    20  stm32f10x_flash.o(.text)
    FLASH_EraseOptionBytes                   0x080014e9   Thumb Code   152  stm32f10x_flash.o(.text)
    FLASH_ProgramWord                        0x08001581   Thumb Code    96  stm32f10x_flash.o(.text)
    FLASH_ProgramHalfWord                    0x080015e1   Thumb Code    60  stm32f10x_flash.o(.text)
    FLASH_ProgramOptionByteData              0x0800161d   Thumb Code    72  stm32f10x_flash.o(.text)
    FLASH_EnableWriteProtection              0x08001665   Thumb Code   208  stm32f10x_flash.o(.text)
    FLASH_ReadOutProtection                  0x08001735   Thumb Code   156  stm32f10x_flash.o(.text)
    FLASH_UserOptionByteConfig               0x080017d1   Thumb Code    88  stm32f10x_flash.o(.text)
    FLASH_GetUserOptionByte                  0x08001829   Thumb Code     8  stm32f10x_flash.o(.text)
    FLASH_GetWriteProtectionOptionByte       0x08001831   Thumb Code     6  stm32f10x_flash.o(.text)
    FLASH_GetPrefetchBufferStatus            0x08001837   Thumb Code    20  stm32f10x_flash.o(.text)
    FLASH_ITConfig                           0x0800184b   Thumb Code    26  stm32f10x_flash.o(.text)
    FLASH_GetFlagStatus                      0x08001865   Thumb Code    42  stm32f10x_flash.o(.text)
    FLASH_ClearFlag                          0x0800188f   Thumb Code     6  stm32f10x_flash.o(.text)
    FLASH_GetStatus                          0x08001895   Thumb Code    50  stm32f10x_flash.o(.text)
    I2C_DeInit                               0x080018dd   Thumb Code    50  stm32f10x_i2c.o(.text)
    I2C_Init                                 0x0800190f   Thumb Code   222  stm32f10x_i2c.o(.text)
    I2C_StructInit                           0x080019ed   Thumb Code    30  stm32f10x_i2c.o(.text)
    I2C_Cmd                                  0x08001a0b   Thumb Code    24  stm32f10x_i2c.o(.text)
    I2C_DMACmd                               0x08001a23   Thumb Code    24  stm32f10x_i2c.o(.text)
    I2C_DMALastTransferCmd                   0x08001a3b   Thumb Code    24  stm32f10x_i2c.o(.text)
    I2C_GenerateSTART                        0x08001a53   Thumb Code    24  stm32f10x_i2c.o(.text)
    I2C_GenerateSTOP                         0x08001a6b   Thumb Code    24  stm32f10x_i2c.o(.text)
    I2C_AcknowledgeConfig                    0x08001a83   Thumb Code    24  stm32f10x_i2c.o(.text)
    I2C_OwnAddress2Config                    0x08001a9b   Thumb Code    22  stm32f10x_i2c.o(.text)
    I2C_DualAddressCmd                       0x08001ab1   Thumb Code    24  stm32f10x_i2c.o(.text)
    I2C_GeneralCallCmd                       0x08001ac9   Thumb Code    24  stm32f10x_i2c.o(.text)
    I2C_ITConfig                             0x08001ae1   Thumb Code    24  stm32f10x_i2c.o(.text)
    I2C_SendData                             0x08001af9   Thumb Code     4  stm32f10x_i2c.o(.text)
    I2C_ReceiveData                          0x08001afd   Thumb Code     8  stm32f10x_i2c.o(.text)
    I2C_Send7bitAddress                      0x08001b05   Thumb Code    18  stm32f10x_i2c.o(.text)
    I2C_ReadRegister                         0x08001b17   Thumb Code    12  stm32f10x_i2c.o(.text)
    I2C_SoftwareResetCmd                     0x08001b23   Thumb Code    22  stm32f10x_i2c.o(.text)
    I2C_NACKPositionConfig                   0x08001b39   Thumb Code    28  stm32f10x_i2c.o(.text)
    I2C_SMBusAlertConfig                     0x08001b55   Thumb Code    28  stm32f10x_i2c.o(.text)
    I2C_TransmitPEC                          0x08001b71   Thumb Code    24  stm32f10x_i2c.o(.text)
    I2C_PECPositionConfig                    0x08001b89   Thumb Code    28  stm32f10x_i2c.o(.text)
    I2C_CalculatePEC                         0x08001ba5   Thumb Code    24  stm32f10x_i2c.o(.text)
    I2C_GetPEC                               0x08001bbd   Thumb Code     8  stm32f10x_i2c.o(.text)
    I2C_ARPCmd                               0x08001bc5   Thumb Code    24  stm32f10x_i2c.o(.text)
    I2C_StretchClockCmd                      0x08001bdd   Thumb Code    24  stm32f10x_i2c.o(.text)
    I2C_FastModeDutyCycleConfig              0x08001bf5   Thumb Code    28  stm32f10x_i2c.o(.text)
    I2C_CheckEvent                           0x08001c11   Thumb Code    42  stm32f10x_i2c.o(.text)
    I2C_GetLastEvent                         0x08001c3b   Thumb Code    26  stm32f10x_i2c.o(.text)
    I2C_GetFlagStatus                        0x08001c55   Thumb Code    42  stm32f10x_i2c.o(.text)
    I2C_ClearFlag                            0x08001c7f   Thumb Code    12  stm32f10x_i2c.o(.text)
    I2C_GetITStatus                          0x08001c8b   Thumb Code    38  stm32f10x_i2c.o(.text)
    I2C_ClearITPendingBit                    0x08001cb1   Thumb Code    12  stm32f10x_i2c.o(.text)
    EXTI_DeInit                              0x08001ccd   Thumb Code    30  stm32f10x_exti.o(.text)
    EXTI_Init                                0x08001ceb   Thumb Code   160  stm32f10x_exti.o(.text)
    EXTI_StructInit                          0x08001d8b   Thumb Code    16  stm32f10x_exti.o(.text)
    EXTI_GenerateSWInterrupt                 0x08001d9b   Thumb Code    16  stm32f10x_exti.o(.text)
    EXTI_GetFlagStatus                       0x08001dab   Thumb Code    20  stm32f10x_exti.o(.text)
    EXTI_ClearFlag                           0x08001dbf   Thumb Code     6  stm32f10x_exti.o(.text)
    EXTI_GetITStatus                         0x08001dc5   Thumb Code    34  stm32f10x_exti.o(.text)
    EXTI_ClearITPendingBit                   0x08001de7   Thumb Code     6  stm32f10x_exti.o(.text)
    DMA_DeInit                               0x08001e09   Thumb Code   320  stm32f10x_dma.o(.text)
    DMA_Init                                 0x08001f49   Thumb Code    60  stm32f10x_dma.o(.text)
    DMA_StructInit                           0x08001f85   Thumb Code    26  stm32f10x_dma.o(.text)
    DMA_Cmd                                  0x08001f9f   Thumb Code    24  stm32f10x_dma.o(.text)
    DMA_ITConfig                             0x08001fb7   Thumb Code    18  stm32f10x_dma.o(.text)
    DMA_SetCurrDataCounter                   0x08001fc9   Thumb Code     4  stm32f10x_dma.o(.text)
    DMA_GetCurrDataCounter                   0x08001fcd   Thumb Code     8  stm32f10x_dma.o(.text)
    DMA_GetFlagStatus                        0x08001fd5   Thumb Code    34  stm32f10x_dma.o(.text)
    DMA_ClearFlag                            0x08001ff7   Thumb Code    18  stm32f10x_dma.o(.text)
    DMA_GetITStatus                          0x08002009   Thumb Code    34  stm32f10x_dma.o(.text)
    DMA_ClearITPendingBit                    0x0800202b   Thumb Code    18  stm32f10x_dma.o(.text)
    ADC_DeInit                               0x08002051   Thumb Code    78  stm32f10x_adc.o(.text)
    ADC_Init                                 0x0800209f   Thumb Code    70  stm32f10x_adc.o(.text)
    ADC_StructInit                           0x080020e5   Thumb Code    18  stm32f10x_adc.o(.text)
    ADC_Cmd                                  0x080020f7   Thumb Code    22  stm32f10x_adc.o(.text)
    ADC_DMACmd                               0x0800210d   Thumb Code    22  stm32f10x_adc.o(.text)
    ADC_ITConfig                             0x08002123   Thumb Code    24  stm32f10x_adc.o(.text)
    ADC_ResetCalibration                     0x0800213b   Thumb Code    10  stm32f10x_adc.o(.text)
    ADC_GetResetCalibrationStatus            0x08002145   Thumb Code    20  stm32f10x_adc.o(.text)
    ADC_StartCalibration                     0x08002159   Thumb Code    10  stm32f10x_adc.o(.text)
    ADC_GetCalibrationStatus                 0x08002163   Thumb Code    20  stm32f10x_adc.o(.text)
    ADC_SoftwareStartConvCmd                 0x08002177   Thumb Code    22  stm32f10x_adc.o(.text)
    ADC_GetSoftwareStartConvStatus           0x0800218d   Thumb Code    20  stm32f10x_adc.o(.text)
    ADC_DiscModeChannelCountConfig           0x080021a1   Thumb Code    24  stm32f10x_adc.o(.text)
    ADC_DiscModeCmd                          0x080021b9   Thumb Code    22  stm32f10x_adc.o(.text)
    ADC_RegularChannelConfig                 0x080021cf   Thumb Code   184  stm32f10x_adc.o(.text)
    ADC_ExternalTrigConvCmd                  0x08002287   Thumb Code    22  stm32f10x_adc.o(.text)
    ADC_GetConversionValue                   0x0800229d   Thumb Code     8  stm32f10x_adc.o(.text)
    ADC_GetDualModeConversionValue           0x080022a5   Thumb Code     6  stm32f10x_adc.o(.text)
    ADC_AutoInjectedConvCmd                  0x080022ab   Thumb Code    22  stm32f10x_adc.o(.text)
    ADC_InjectedDiscModeCmd                  0x080022c1   Thumb Code    22  stm32f10x_adc.o(.text)
    ADC_ExternalTrigInjectedConvConfig       0x080022d7   Thumb Code    16  stm32f10x_adc.o(.text)
    ADC_ExternalTrigInjectedConvCmd          0x080022e7   Thumb Code    22  stm32f10x_adc.o(.text)
    ADC_SoftwareStartInjectedConvCmd         0x080022fd   Thumb Code    22  stm32f10x_adc.o(.text)
    ADC_GetSoftwareStartInjectedConvCmdStatus 0x08002313   Thumb Code    20  stm32f10x_adc.o(.text)
    ADC_InjectedChannelConfig                0x08002327   Thumb Code   130  stm32f10x_adc.o(.text)
    ADC_InjectedSequencerLengthConfig        0x080023a9   Thumb Code    24  stm32f10x_adc.o(.text)
    ADC_SetInjectedOffset                    0x080023c1   Thumb Code    12  stm32f10x_adc.o(.text)
    ADC_GetInjectedConversionValue           0x080023cd   Thumb Code    18  stm32f10x_adc.o(.text)
    ADC_AnalogWatchdogCmd                    0x080023df   Thumb Code    16  stm32f10x_adc.o(.text)
    ADC_AnalogWatchdogThresholdsConfig       0x080023ef   Thumb Code     6  stm32f10x_adc.o(.text)
    ADC_AnalogWatchdogSingleChannelConfig    0x080023f5   Thumb Code    16  stm32f10x_adc.o(.text)
    ADC_TempSensorVrefintCmd                 0x08002405   Thumb Code    34  stm32f10x_adc.o(.text)
    ADC_GetFlagStatus                        0x08002427   Thumb Code    54  stm32f10x_adc.o(.text)
    ADC_ClearFlag                            0x0800245d   Thumb Code     6  stm32f10x_adc.o(.text)
    ADC_GetITStatus                          0x08002463   Thumb Code    36  stm32f10x_adc.o(.text)
    ADC_ClearITPendingBit                    0x08002487   Thumb Code    10  stm32f10x_adc.o(.text)
    TIM_DeInit                               0x08002491   Thumb Code   424  stm32f10x_tim.o(.text)
    TIM_TimeBaseInit                         0x08002639   Thumb Code   122  stm32f10x_tim.o(.text)
    TIM_OC1Init                              0x080026b3   Thumb Code   132  stm32f10x_tim.o(.text)
    TIM_OC2Init                              0x08002737   Thumb Code   146  stm32f10x_tim.o(.text)
    TIM_OC3Init                              0x080027c9   Thumb Code   142  stm32f10x_tim.o(.text)
    TIM_OC4Init                              0x08002857   Thumb Code   172  stm32f10x_tim.o(.text)
    TIM_SetIC4Prescaler                      0x08002903   Thumb Code    22  stm32f10x_tim.o(.text)
    TIM_SetIC3Prescaler                      0x0800298f   Thumb Code    18  stm32f10x_tim.o(.text)
    TIM_SetIC2Prescaler                      0x08002a13   Thumb Code    22  stm32f10x_tim.o(.text)
    TIM_SetIC1Prescaler                      0x08002a9f   Thumb Code    18  stm32f10x_tim.o(.text)
    TIM_ICInit                               0x08002b1b   Thumb Code   150  stm32f10x_tim.o(.text)
    TIM_PWMIConfig                           0x08002bb1   Thumb Code   124  stm32f10x_tim.o(.text)
    TIM_BDTRConfig                           0x08002c2d   Thumb Code    32  stm32f10x_tim.o(.text)
    TIM_TimeBaseStructInit                   0x08002c4d   Thumb Code    18  stm32f10x_tim.o(.text)
    TIM_OCStructInit                         0x08002c5f   Thumb Code    20  stm32f10x_tim.o(.text)
    TIM_ICStructInit                         0x08002c73   Thumb Code    18  stm32f10x_tim.o(.text)
    TIM_BDTRStructInit                       0x08002c85   Thumb Code    18  stm32f10x_tim.o(.text)
    TIM_Cmd                                  0x08002c97   Thumb Code    24  stm32f10x_tim.o(.text)
    TIM_CtrlPWMOutputs                       0x08002caf   Thumb Code    52  stm32f10x_tim.o(.text)
    TIM_ITConfig                             0x08002ce3   Thumb Code    24  stm32f10x_tim.o(.text)
    TIM_GenerateEvent                        0x08002cfb   Thumb Code     4  stm32f10x_tim.o(.text)
    TIM_DMAConfig                            0x08002cff   Thumb Code    10  stm32f10x_tim.o(.text)
    TIM_DMACmd                               0x08002d09   Thumb Code    24  stm32f10x_tim.o(.text)
    TIM_InternalClockConfig                  0x08002d21   Thumb Code    12  stm32f10x_tim.o(.text)
    TIM_SelectInputTrigger                   0x08002d2d   Thumb Code    18  stm32f10x_tim.o(.text)
    TIM_ITRxExternalClockConfig              0x08002d3f   Thumb Code    24  stm32f10x_tim.o(.text)
    TIM_TIxExternalClockConfig               0x08002d57   Thumb Code    62  stm32f10x_tim.o(.text)
    TIM_ETRConfig                            0x08002d95   Thumb Code    24  stm32f10x_tim.o(.text)
    TIM_ETRClockMode1Config                  0x08002dad   Thumb Code    54  stm32f10x_tim.o(.text)
    TIM_ETRClockMode2Config                  0x08002de3   Thumb Code    32  stm32f10x_tim.o(.text)
    TIM_PrescalerConfig                      0x08002e03   Thumb Code     6  stm32f10x_tim.o(.text)
    TIM_CounterModeConfig                    0x08002e09   Thumb Code    18  stm32f10x_tim.o(.text)
    TIM_EncoderInterfaceConfig               0x08002e1b   Thumb Code    62  stm32f10x_tim.o(.text)
    TIM_ForcedOC1Config                      0x08002e59   Thumb Code    18  stm32f10x_tim.o(.text)
    TIM_ForcedOC2Config                      0x08002e6b   Thumb Code    22  stm32f10x_tim.o(.text)
    TIM_ForcedOC3Config                      0x08002e81   Thumb Code    18  stm32f10x_tim.o(.text)
    TIM_ForcedOC4Config                      0x08002e93   Thumb Code    22  stm32f10x_tim.o(.text)
    TIM_ARRPreloadConfig                     0x08002ea9   Thumb Code    24  stm32f10x_tim.o(.text)
    TIM_SelectCOM                            0x08002ec1   Thumb Code    24  stm32f10x_tim.o(.text)
    TIM_SelectCCDMA                          0x08002ed9   Thumb Code    24  stm32f10x_tim.o(.text)
    TIM_CCPreloadControl                     0x08002ef1   Thumb Code    24  stm32f10x_tim.o(.text)
    TIM_OC1PreloadConfig                     0x08002f09   Thumb Code    18  stm32f10x_tim.o(.text)
    TIM_OC2PreloadConfig                     0x08002f1b   Thumb Code    22  stm32f10x_tim.o(.text)
    TIM_OC3PreloadConfig                     0x08002f31   Thumb Code    18  stm32f10x_tim.o(.text)
    TIM_OC4PreloadConfig                     0x08002f43   Thumb Code    22  stm32f10x_tim.o(.text)
    TIM_OC1FastConfig                        0x08002f59   Thumb Code    18  stm32f10x_tim.o(.text)
    TIM_OC2FastConfig                        0x08002f6b   Thumb Code    22  stm32f10x_tim.o(.text)
    TIM_OC3FastConfig                        0x08002f81   Thumb Code    18  stm32f10x_tim.o(.text)
    TIM_OC4FastConfig                        0x08002f93   Thumb Code    22  stm32f10x_tim.o(.text)
    TIM_ClearOC1Ref                          0x08002fa9   Thumb Code    18  stm32f10x_tim.o(.text)
    TIM_ClearOC2Ref                          0x08002fbb   Thumb Code    20  stm32f10x_tim.o(.text)
    TIM_ClearOC3Ref                          0x08002fcf   Thumb Code    18  stm32f10x_tim.o(.text)
    TIM_ClearOC4Ref                          0x08002fe1   Thumb Code    20  stm32f10x_tim.o(.text)
    TIM_OC1PolarityConfig                    0x08002ff5   Thumb Code    18  stm32f10x_tim.o(.text)
    TIM_OC1NPolarityConfig                   0x08003007   Thumb Code    18  stm32f10x_tim.o(.text)
    TIM_OC2PolarityConfig                    0x08003019   Thumb Code    22  stm32f10x_tim.o(.text)
    TIM_OC2NPolarityConfig                   0x0800302f   Thumb Code    22  stm32f10x_tim.o(.text)
    TIM_OC3PolarityConfig                    0x08003045   Thumb Code    22  stm32f10x_tim.o(.text)
    TIM_OC3NPolarityConfig                   0x0800305b   Thumb Code    22  stm32f10x_tim.o(.text)
    TIM_OC4PolarityConfig                    0x08003071   Thumb Code    22  stm32f10x_tim.o(.text)
    TIM_CCxCmd                               0x08003087   Thumb Code    34  stm32f10x_tim.o(.text)
    TIM_CCxNCmd                              0x080030a9   Thumb Code    34  stm32f10x_tim.o(.text)
    TIM_SelectOCxM                           0x080030cb   Thumb Code    82  stm32f10x_tim.o(.text)
    TIM_UpdateDisableConfig                  0x0800311d   Thumb Code    24  stm32f10x_tim.o(.text)
    TIM_UpdateRequestConfig                  0x08003135   Thumb Code    24  stm32f10x_tim.o(.text)
    TIM_SelectHallSensor                     0x0800314d   Thumb Code    24  stm32f10x_tim.o(.text)
    TIM_SelectOnePulseMode                   0x08003165   Thumb Code    18  stm32f10x_tim.o(.text)
    TIM_SelectOutputTrigger                  0x08003177   Thumb Code    18  stm32f10x_tim.o(.text)
    TIM_SelectSlaveMode                      0x08003189   Thumb Code    18  stm32f10x_tim.o(.text)
    TIM_SelectMasterSlaveMode                0x0800319b   Thumb Code    18  stm32f10x_tim.o(.text)
    TIM_SetCounter                           0x080031ad   Thumb Code     4  stm32f10x_tim.o(.text)
    TIM_SetAutoreload                        0x080031b1   Thumb Code     4  stm32f10x_tim.o(.text)
    TIM_SetCompare1                          0x080031b5   Thumb Code     4  stm32f10x_tim.o(.text)
    TIM_SetCompare2                          0x080031b9   Thumb Code     4  stm32f10x_tim.o(.text)
    TIM_SetCompare3                          0x080031bd   Thumb Code     4  stm32f10x_tim.o(.text)
    TIM_SetCompare4                          0x080031c1   Thumb Code     6  stm32f10x_tim.o(.text)
    TIM_SetClockDivision                     0x080031c7   Thumb Code    18  stm32f10x_tim.o(.text)
    TIM_GetCapture1                          0x080031d9   Thumb Code     6  stm32f10x_tim.o(.text)
    TIM_GetCapture2                          0x080031df   Thumb Code     6  stm32f10x_tim.o(.text)
    TIM_GetCapture3                          0x080031e5   Thumb Code     6  stm32f10x_tim.o(.text)
    TIM_GetCapture4                          0x080031eb   Thumb Code     8  stm32f10x_tim.o(.text)
    TIM_GetCounter                           0x080031f3   Thumb Code     6  stm32f10x_tim.o(.text)
    TIM_GetPrescaler                         0x080031f9   Thumb Code     6  stm32f10x_tim.o(.text)
    TIM_GetFlagStatus                        0x080031ff   Thumb Code    18  stm32f10x_tim.o(.text)
    TIM_ClearFlag                            0x08003211   Thumb Code     6  stm32f10x_tim.o(.text)
    TIM_GetITStatus                          0x08003217   Thumb Code    34  stm32f10x_tim.o(.text)
    TIM_ClearITPendingBit                    0x08003239   Thumb Code     6  stm32f10x_tim.o(.text)
    Reset_Handler                            0x08003241   Thumb Code     8  startup_stm32f10x_md.o(.text)
    ADC1_2_IRQHandler                        0x0800325b   Thumb Code     0  startup_stm32f10x_md.o(.text)
    CAN1_RX1_IRQHandler                      0x0800325b   Thumb Code     0  startup_stm32f10x_md.o(.text)
    CAN1_SCE_IRQHandler                      0x0800325b   Thumb Code     0  startup_stm32f10x_md.o(.text)
    DMA1_Channel1_IRQHandler                 0x0800325b   Thumb Code     0  startup_stm32f10x_md.o(.text)
    DMA1_Channel2_IRQHandler                 0x0800325b   Thumb Code     0  startup_stm32f10x_md.o(.text)
    DMA1_Channel3_IRQHandler                 0x0800325b   Thumb Code     0  startup_stm32f10x_md.o(.text)
    DMA1_Channel4_IRQHandler                 0x0800325b   Thumb Code     0  startup_stm32f10x_md.o(.text)
    DMA1_Channel5_IRQHandler                 0x0800325b   Thumb Code     0  startup_stm32f10x_md.o(.text)
    DMA1_Channel6_IRQHandler                 0x0800325b   Thumb Code     0  startup_stm32f10x_md.o(.text)
    DMA1_Channel7_IRQHandler                 0x0800325b   Thumb Code     0  startup_stm32f10x_md.o(.text)
    EXTI15_10_IRQHandler                     0x0800325b   Thumb Code     0  startup_stm32f10x_md.o(.text)
    EXTI4_IRQHandler                         0x0800325b   Thumb Code     0  startup_stm32f10x_md.o(.text)
    EXTI9_5_IRQHandler                       0x0800325b   Thumb Code     0  startup_stm32f10x_md.o(.text)
    FLASH_IRQHandler                         0x0800325b   Thumb Code     0  startup_stm32f10x_md.o(.text)
    I2C1_ER_IRQHandler                       0x0800325b   Thumb Code     0  startup_stm32f10x_md.o(.text)
    I2C1_EV_IRQHandler                       0x0800325b   Thumb Code     0  startup_stm32f10x_md.o(.text)
    I2C2_ER_IRQHandler                       0x0800325b   Thumb Code     0  startup_stm32f10x_md.o(.text)
    I2C2_EV_IRQHandler                       0x0800325b   Thumb Code     0  startup_stm32f10x_md.o(.text)
    PVD_IRQHandler                           0x0800325b   Thumb Code     0  startup_stm32f10x_md.o(.text)
    RCC_IRQHandler                           0x0800325b   Thumb Code     0  startup_stm32f10x_md.o(.text)
    SPI1_IRQHandler                          0x0800325b   Thumb Code     0  startup_stm32f10x_md.o(.text)
    SPI2_IRQHandler                          0x0800325b   Thumb Code     0  startup_stm32f10x_md.o(.text)
    TAMPER_IRQHandler                        0x0800325b   Thumb Code     0  startup_stm32f10x_md.o(.text)
    TIM1_BRK_IRQHandler                      0x0800325b   Thumb Code     0  startup_stm32f10x_md.o(.text)
    TIM1_CC_IRQHandler                       0x0800325b   Thumb Code     0  startup_stm32f10x_md.o(.text)
    TIM1_TRG_COM_IRQHandler                  0x0800325b   Thumb Code     0  startup_stm32f10x_md.o(.text)
    TIM1_UP_IRQHandler                       0x0800325b   Thumb Code     0  startup_stm32f10x_md.o(.text)
    TIM2_IRQHandler                          0x0800325b   Thumb Code     0  startup_stm32f10x_md.o(.text)
    TIM3_IRQHandler                          0x0800325b   Thumb Code     0  startup_stm32f10x_md.o(.text)
    TIM4_IRQHandler                          0x0800325b   Thumb Code     0  startup_stm32f10x_md.o(.text)
    USART2_IRQHandler                        0x0800325b   Thumb Code     0  startup_stm32f10x_md.o(.text)
    USART3_IRQHandler                        0x0800325b   Thumb Code     0  startup_stm32f10x_md.o(.text)
    USBWakeUp_IRQHandler                     0x0800325b   Thumb Code     0  startup_stm32f10x_md.o(.text)
    USB_HP_CAN1_TX_IRQHandler                0x0800325b   Thumb Code     0  startup_stm32f10x_md.o(.text)
    USB_LP_CAN1_RX0_IRQHandler               0x0800325b   Thumb Code     0  startup_stm32f10x_md.o(.text)
    WWDG_IRQHandler                          0x0800325b   Thumb Code     0  startup_stm32f10x_md.o(.text)
    __user_initial_stackheap                 0x0800325d   Thumb Code     0  startup_stm32f10x_md.o(.text)
    main                                     0x08003281   Thumb Code 27950  main.o(.text)
    NMI_Handler                              0x08009fbd   Thumb Code     2  stm32f10x_it.o(.text)
    HardFault_Handler                        0x08009fbf   Thumb Code     4  stm32f10x_it.o(.text)
    MemManage_Handler                        0x08009fc3   Thumb Code     4  stm32f10x_it.o(.text)
    BusFault_Handler                         0x08009fc7   Thumb Code     4  stm32f10x_it.o(.text)
    UsageFault_Handler                       0x08009fcb   Thumb Code     4  stm32f10x_it.o(.text)
    SVC_Handler                              0x08009fcf   Thumb Code     2  stm32f10x_it.o(.text)
    DebugMon_Handler                         0x08009fd1   Thumb Code     2  stm32f10x_it.o(.text)
    PendSV_Handler                           0x08009fd3   Thumb Code     2  stm32f10x_it.o(.text)
    SysTick_Handler                          0x08009fd5   Thumb Code     2  stm32f10x_it.o(.text)
    delay_us                                 0x08009fd7   Thumb Code    44  delay.o(.text)
    delay_ms                                 0x0800a003   Thumb Code    26  delay.o(.text)
    delay_s                                  0x0800a01d   Thumb Code    26  delay.o(.text)
    Counter_delay_us                         0x0800a037   Thumb Code    30  delay.o(.text)
    Counter_delay_ms                         0x0800a055   Thumb Code    32  delay.o(.text)
    NVIC_Configuration                       0x0800a075   Thumb Code    12  sys.o(.text)
    RCC_Configuration                        0x0800a081   Thumb Code   100  sys.o(.text)
    FLASH_W                                  0x0800a0e5   Thumb Code    42  flash.o(.text)
    FLASH_W_Buff                             0x0800a10f   Thumb Code    64  flash.o(.text)
    FLASH_R                                  0x0800a14f   Thumb Code     6  flash.o(.text)
    _sys_exit                                0x0800a155   Thumb Code     6  usart.o(.text)
    fputc                                    0x0800a15b   Thumb Code    20  usart.o(.text)
    USART1_printf                            0x0800a16f   Thumb Code    78  usart.o(.text)
    USART1_Init                              0x0800a1bd   Thumb Code   152  usart.o(.text)
    USART1_IRQHandler                        0x0800a255   Thumb Code   130  usart.o(.text)
    RTC_WritBKP_Config                       0x0800a2f1   Thumb Code    20  rtc.o(.text)
    RTC_First_Config                         0x0800a305   Thumb Code    76  rtc.o(.text)
    RTC_Second_Config                        0x0800a351   Thumb Code    56  rtc.o(.text)
    RTC_Config                               0x0800a389   Thumb Code    62  rtc.o(.text)
    RTC_IRQHandler                           0x0800a3c7   Thumb Code    20  rtc.o(.text)
    RTCAlarm_IRQHandler                      0x0800a3db   Thumb Code    20  rtc.o(.text)
    Is_Leap_Year                             0x0800a3ef   Thumb Code    58  rtc.o(.text)
    RTC_Set                                  0x0800a429   Thumb Code   180  rtc.o(.text)
    RTC_Get_Week                             0x0800a4dd   Thumb Code   114  rtc.o(.text)
    RTC_Get                                  0x0800a54f   Thumb Code   246  rtc.o(.text)
    I2C_GPIO_Init                            0x0800a679   Thumb Code    46  i2c.o(.text)
    I2C_Configuration                        0x0800a6a7   Thumb Code    62  i2c.o(.text)
    I2C_SAND_BUFFER                          0x0800a6e5   Thumb Code   132  i2c.o(.text)
    I2C_SAND_BYTE                            0x0800a769   Thumb Code   112  i2c.o(.text)
    I2C_READ_BUFFER                          0x0800a7d9   Thumb Code   218  i2c.o(.text)
    I2C_READ_BYTE                            0x0800a8b3   Thumb Code   176  i2c.o(.text)
    EXti_Config                              0x0800a979   Thumb Code   356  nvic.o(.text)
    EXTI0_IRQHandler                         0x0800aadd   Thumb Code    22  nvic.o(.text)
    EXTI1_IRQHandler                         0x0800aaf3   Thumb Code    84  nvic.o(.text)
    EXTI2_IRQHandler                         0x0800ab47   Thumb Code    84  nvic.o(.text)
    EXTI3_IRQHandler                         0x0800ab9b   Thumb Code    24  nvic.o(.text)
    ADCx_Init                                0x0800acc5   Thumb Code    12  adc.o(.text)
    TIM3_PWM_CH4_Init                        0x0800ace1   Thumb Code   130  pwm.o(.text)
    TIM3_PWM_CH3_Init                        0x0800ad63   Thumb Code   130  pwm.o(.text)
    OLED_DISPLAY_ON                          0x0800aded   Thumb Code    30  oled0561.o(.text)
    OLED_DISPLAY_CLEAR                       0x0800ae0b   Thumb Code    68  oled0561.o(.text)
    OLED_DISPLAY_OFF                         0x0800ae4f   Thumb Code    22  oled0561.o(.text)
    OLED0561_Init                            0x0800ae65   Thumb Code    16  oled0561.o(.text)
    OLED_DISPLAY_LIT                         0x0800ae75   Thumb Code    26  oled0561.o(.text)
    OLED_DISPLAY_CLEAR_OneLine               0x0800ae8f   Thumb Code    82  oled0561.o(.text)
    OLED_DISPLAY_8x16                        0x0800aee1   Thumb Code   150  oled0561.o(.text)
    ANTI_OLED_DISPLAY_8x16                   0x0800af77   Thumb Code   154  oled0561.o(.text)
    OLED_DISPLAY_8x16_BUFFER                 0x0800b011   Thumb Code    36  oled0561.o(.text)
    ANTI_OLED_DISPLAY_8x16_BUFFER            0x0800b035   Thumb Code    36  oled0561.o(.text)
    OLED_DISPLAY_16x16                       0x0800b059   Thumb Code   142  oled0561.o(.text)
    ANTI_OLED_DISPLAY_16x16                  0x0800b0e7   Thumb Code   146  oled0561.o(.text)
    OLED_DISPLAY_Buff_16x16                  0x0800b179   Thumb Code   206  oled0561.o(.text)
    ANTI_OLED_DISPLAY_Buff_16x16             0x0800b247   Thumb Code   174  oled0561.o(.text)
    OLED_DISPLAY_PIC1                        0x0800b2f5   Thumb Code    78  oled0561.o(.text)
    DS18B20_GPIO_Config                      0x0800b349   Thumb Code    46  ds18b20.o(.text)
    DS18B20_Mode_IPU                         0x0800b377   Thumb Code    24  ds18b20.o(.text)
    DS18B20_Mode_Out                         0x0800b38f   Thumb Code    30  ds18b20.o(.text)
    DS18B20_Rst                              0x0800b3ad   Thumb Code    38  ds18b20.o(.text)
    DS18B20_Answer_Check                     0x0800b3d3   Thumb Code    82  ds18b20.o(.text)
    DS18B20_Read_Bit                         0x0800b425   Thumb Code    64  ds18b20.o(.text)
    DS18B20_Read_2Bit                        0x0800b465   Thumb Code    80  ds18b20.o(.text)
    DS18B20_Read_Byte                        0x0800b4b5   Thumb Code    34  ds18b20.o(.text)
    DS18B20_Write_Bit                        0x0800b4d7   Thumb Code    70  ds18b20.o(.text)
    DS18B20_Write_Byte                       0x0800b51d   Thumb Code    88  ds18b20.o(.text)
    DS18B20_Init                             0x0800b575   Thumb Code    16  ds18b20.o(.text)
    DS18B20_Get_Temp                         0x0800b585   Thumb Code   164  ds18b20.o(.text)
    RELAY_Init                               0x0800b635   Thumb Code    66  relay.o(.text)
    RELAY_1                                  0x0800b677   Thumb Code    18  relay.o(.text)
    RELAY_2                                  0x0800b689   Thumb Code    18  relay.o(.text)
    DS18B20_GPIO_Config_2                    0x0800b6a5   Thumb Code    50  ds18b20_2.o(.text)
    DS18B20_Mode_IPU_2                       0x0800b6d7   Thumb Code    26  ds18b20_2.o(.text)
    DS18B20_Mode_Out_2                       0x0800b6f1   Thumb Code    32  ds18b20_2.o(.text)
    DS18B20_Rst_2                            0x0800b711   Thumb Code    42  ds18b20_2.o(.text)
    DS18B20_Answer_Check_2                   0x0800b73b   Thumb Code    86  ds18b20_2.o(.text)
    DS18B20_Read_Bit_2                       0x0800b791   Thumb Code    70  ds18b20_2.o(.text)
    DS18B20_Read_2Bit_2                      0x0800b7d7   Thumb Code    86  ds18b20_2.o(.text)
    DS18B20_Read_Byte_2                      0x0800b82d   Thumb Code    34  ds18b20_2.o(.text)
    DS18B20_Write_Bit_2                      0x0800b84f   Thumb Code    78  ds18b20_2.o(.text)
    DS18B20_Write_Byte_2                     0x0800b89d   Thumb Code    96  ds18b20_2.o(.text)
    DS18B20_Init_2                           0x0800b8fd   Thumb Code    16  ds18b20_2.o(.text)
    DS18B20_Get_Temp_2                       0x0800b90d   Thumb Code   164  ds18b20_2.o(.text)
    ChangeWatIoConfig                        0x0800b9bd   Thumb Code    54  changewatioconfig.o(.text)
    __use_no_semihosting                     0x0800b9f9   Thumb Code     2  use_no_semi_2.o(.text)
    __c89vsnprintf                           0x0800b9fd   Thumb Code    46  c89vsnprintf.o(.text)
    __2printf                                0x0800ba31   Thumb Code    20  __2printf.o(.text)
    _printf_str                              0x0800ba49   Thumb Code    82  _printf_str.o(.text)
    __printf                                 0x0800ba9d   Thumb Code   406  __printf_flags_ss_wp.o(.text)
    strlen                                   0x0800bc39   Thumb Code    62  strlen.o(.text)
    __aeabi_memcpy4                          0x0800bc77   Thumb Code     0  rt_memcpy_w.o(.text)
    __aeabi_memcpy8                          0x0800bc77   Thumb Code     0  rt_memcpy_w.o(.text)
    __rt_memcpy_w                            0x0800bc77   Thumb Code   100  rt_memcpy_w.o(.text)
    _memcpy_lastbytes_aligned                0x0800bcbf   Thumb Code     0  rt_memcpy_w.o(.text)
    __aeabi_memclr4                          0x0800bcdb   Thumb Code     0  rt_memclr_w.o(.text)
    __aeabi_memclr8                          0x0800bcdb   Thumb Code     0  rt_memclr_w.o(.text)
    __rt_memclr_w                            0x0800bcdb   Thumb Code    78  rt_memclr_w.o(.text)
    _memset_w                                0x0800bcdf   Thumb Code     0  rt_memclr_w.o(.text)
    __use_two_region_memory                  0x0800bd29   Thumb Code     2  heapauxi.o(.text)
    __rt_heap_escrow$2region                 0x0800bd2b   Thumb Code     2  heapauxi.o(.text)
    __rt_heap_expand$2region                 0x0800bd2d   Thumb Code     2  heapauxi.o(.text)
    __I$use$semihosting                      0x0800bd2f   Thumb Code     0  use_no_semi.o(.text)
    __use_no_semihosting_swi                 0x0800bd2f   Thumb Code     2  use_no_semi.o(.text)
    _printf_pre_padding                      0x0800bd31   Thumb Code    44  _printf_pad.o(.text)
    _printf_post_padding                     0x0800bd5d   Thumb Code    36  _printf_pad.o(.text)
    _printf_truncate_signed                  0x0800bd81   Thumb Code    18  _printf_truncate.o(.text)
    _printf_truncate_unsigned                0x0800bd93   Thumb Code    18  _printf_truncate.o(.text)
    _printf_int_dec                          0x0800bda5   Thumb Code    98  _printf_dec.o(.text)
    _printf_charcount                        0x0800be19   Thumb Code    42  _printf_charcount.o(.text)
    _printf_char_common                      0x0800be4f   Thumb Code    32  _printf_char_common.o(.text)
    _sputc                                   0x0800be75   Thumb Code    10  _sputc.o(.text)
    _snputc                                  0x0800be7f   Thumb Code    16  _snputc.o(.text)
    _printf_cs_common                        0x0800be8f   Thumb Code    20  _printf_char.o(.text)
    _printf_char                             0x0800bea3   Thumb Code    16  _printf_char.o(.text)
    _printf_string                           0x0800beb3   Thumb Code     8  _printf_char.o(.text)
    _printf_char_file                        0x0800bebd   Thumb Code    32  _printf_char_file.o(.text)
    _printf_wctomb                           0x0800bee1   Thumb Code   182  _printf_wctomb.o(.text)
    _printf_longlong_dec                     0x0800bf9d   Thumb Code   104  _printf_longlong_dec.o(.text)
    _printf_longlong_oct                     0x0800c015   Thumb Code    76  _printf_oct_int_ll.o(.text)
    _printf_int_oct                          0x0800c061   Thumb Code    24  _printf_oct_int_ll.o(.text)
    _printf_ll_oct                           0x0800c079   Thumb Code    12  _printf_oct_int_ll.o(.text)
    _printf_longlong_hex                     0x0800c08d   Thumb Code    92  _printf_hex_int_ll_ptr.o(.text)
    _printf_int_hex                          0x0800c0e9   Thumb Code    28  _printf_hex_int_ll_ptr.o(.text)
    _printf_ll_hex                           0x0800c105   Thumb Code    12  _printf_hex_int_ll_ptr.o(.text)
    _printf_hex_ptr                          0x0800c111   Thumb Code    18  _printf_hex_int_ll_ptr.o(.text)
    _ll_udiv10                               0x0800c129   Thumb Code   138  lludiv10.o(.text)
    _printf_int_common                       0x0800c1b3   Thumb Code   180  _printf_intcommon.o(.text)
    __lib_sel_fp_printf                      0x0800c267   Thumb Code     2  _printf_fp_dec.o(.text)
    _printf_fp_dec_real                      0x0800c40d   Thumb Code   616  _printf_fp_dec.o(.text)
    _printf_lcs_common                       0x0800c675   Thumb Code    20  _printf_wchar.o(.text)
    _printf_wchar                            0x0800c689   Thumb Code    16  _printf_wchar.o(.text)
    _printf_wstring                          0x0800c699   Thumb Code     8  _printf_wchar.o(.text)
    ferror                                   0x0800c6a1   Thumb Code     8  ferror.o(.text)
    _wcrtomb                                 0x0800c6a9   Thumb Code    64  _wcrtomb.o(.text)
    __rt_udiv10                              0x0800c6e9   Thumb Code    16  rtudiv10.o(.text)
    __user_setup_stackheap                   0x0800c6f9   Thumb Code    74  sys_stackheap_outer.o(.text)
    __rt_ctype_table                         0x0800c745   Thumb Code    16  rt_ctype_table.o(.text)
    __rt_locale                              0x0800c755   Thumb Code    12  rt_locale_intlibspace.o(.text)
    _printf_fp_infnan                        0x0800c761   Thumb Code   108  _printf_fp_infnan.o(.text)
    _btod_etento                             0x0800c7dd   Thumb Code   230  bigflt0.o(.text)
    exit                                     0x0800c8c9   Thumb Code    12  exit.o(.text)
    __user_libspace                          0x0800c8d5   Thumb Code     8  libspace.o(.text)
    __user_perproc_libspace                  0x0800c8d5   Thumb Code     0  libspace.o(.text)
    __user_perthread_libspace                0x0800c8d5   Thumb Code     0  libspace.o(.text)
    strcmp                                   0x0800c8dd   Thumb Code   128  strcmpv7m.o(.text)
    __rt_fp_status_addr                      0x0800c95d   Thumb Code    12  rt_fp_status_addr_intlibspace.o(.text)
    _btod_d2e                                0x0800c969   Thumb Code    62  btod.o(CL$$btod_d2e)
    _d2e_denorm_low                          0x0800c9a7   Thumb Code    70  btod.o(CL$$btod_d2e_denorm_low)
    _d2e_norm_op1                            0x0800c9ed   Thumb Code    96  btod.o(CL$$btod_d2e_norm_op1)
    __btod_div_common                        0x0800ca4d   Thumb Code   696  btod.o(CL$$btod_div_common)
    _e2e                                     0x0800cd85   Thumb Code   198  btod.o(CL$$btod_e2e)
    _btod_ediv                               0x0800ce4b   Thumb Code    40  btod.o(CL$$btod_ediv)
    _btod_emul                               0x0800ce73   Thumb Code    40  btod.o(CL$$btod_emul)
    __btod_mult_common                       0x0800ce9b   Thumb Code   580  btod.o(CL$$btod_mult_common)
    __ARM_fpclassify                         0x0800d0df   Thumb Code    40  fpclassify.o(i.__ARM_fpclassify)
    _get_lc_numeric                          0x0800d109   Thumb Code    44  lc_numeric_c.o(locale$$code)
    _get_lc_ctype                            0x0800d135   Thumb Code    44  lc_ctype_c.o(locale$$code)
    __aeabi_d2f                              0x0800d161   Thumb Code     0  d2f.o(x$fpl$d2f)
    _d2f                                     0x0800d161   Thumb Code    98  d2f.o(x$fpl$d2f)
    __aeabi_i2d                              0x0800d1c3   Thumb Code     0  dflt_clz.o(x$fpl$dflt)
    _dflt                                    0x0800d1c3   Thumb Code    46  dflt_clz.o(x$fpl$dflt)
    __aeabi_dmul                             0x0800d1f1   Thumb Code     0  dmul.o(x$fpl$dmul)
    _dmul                                    0x0800d1f1   Thumb Code   332  dmul.o(x$fpl$dmul)
    __fpl_dnaninf                            0x0800d345   Thumb Code   156  dnaninf.o(x$fpl$dnaninf)
    __fpl_dretinf                            0x0800d3e1   Thumb Code    12  dretinf.o(x$fpl$dretinf)
    __aeabi_f2d                              0x0800d3ed   Thumb Code     0  f2d.o(x$fpl$f2d)
    _f2d                                     0x0800d3ed   Thumb Code    86  f2d.o(x$fpl$f2d)
    __aeabi_f2iz                             0x0800d445   Thumb Code     0  ffix.o(x$fpl$ffix)
    _ffix                                    0x0800d445   Thumb Code    54  ffix.o(x$fpl$ffix)
    __aeabi_i2f                              0x0800d47d   Thumb Code     0  fflt_clz.o(x$fpl$fflt)
    _fflt                                    0x0800d47d   Thumb Code    48  fflt_clz.o(x$fpl$fflt)
    __fpl_fnaninf                            0x0800d4ad   Thumb Code   140  fnaninf.o(x$fpl$fnaninf)
    _fp_init                                 0x0800d539   Thumb Code    14  fpinit.o(x$fpl$fpinit)
    __fplib_config_pureend_doubles           0x0800d545   Thumb Code     0  fpinit.o(x$fpl$fpinit)
    __fpl_fretinf                            0x0800d547   Thumb Code    10  fretinf.o(x$fpl$fretinf)
    _printf_fp_dec                           0x0800d551   Thumb Code     4  printf1.o(x$fpl$printf1)
    __I$use$fp                               0x0800d555   Thumb Code     0  usenofp.o(x$fpl$usenofp)
    kong_16                                  0x0800d554   Data          32  main.o(.constdata)
    wen_16                                   0x0800d574   Data          32  main.o(.constdata)
    shij_16                                  0x0800d594   Data          32  main.o(.constdata)
    jian_16                                  0x0800d5b4   Data          32  main.o(.constdata)
    she_16                                   0x0800d5d4   Data          32  main.o(.constdata)
    zhi4_16                                  0x0800d5f4   Data          32  main.o(.constdata)
    C_16                                     0x0800d614   Data          32  main.o(.constdata)
    ri_16                                    0x0800d634   Data          32  main.o(.constdata)
    qi_16                                    0x0800d654   Data          32  main.o(.constdata)
    shui_16                                  0x0800d674   Data          32  main.o(.constdata)
    xing_16                                  0x0800d694   Data          32  main.o(.constdata)
    qi1_16                                   0x0800d6b4   Data          32  main.o(.constdata)
    xingqi1_7_16                             0x0800d6d4   Data         224  main.o(.constdata)
    guang_16                                 0x0800d7b4   Data          32  main.o(.constdata)
    zhao_16                                  0x0800d7d4   Data          32  main.o(.constdata)
    zhi_16                                   0x0800d7f4   Data          32  main.o(.constdata)
    jian1_16                                 0x0800d814   Data          32  main.o(.constdata)
    ce_16                                    0x0800d834   Data          32  main.o(.constdata)
    ZhiNengDengGuang_16                      0x0800d854   Data         128  main.o(.constdata)
    GuoLvShuiBeng_16                         0x0800d8d4   Data         128  main.o(.constdata)
    ZiDongTouWei_16                          0x0800d954   Data         128  main.o(.constdata)
    ZiDongHuanShui_16                        0x0800d9d4   Data         128  main.o(.constdata)
    mo2_16                                   0x0800da54   Data          32  main.o(.constdata)
    shi4_16                                  0x0800da74   Data          32  main.o(.constdata)
    shang4_16                                0x0800da94   Data          32  main.o(.constdata)
    xian4_16                                 0x0800dab4   Data          32  main.o(.constdata)
    xia4_16                                  0x0800dad4   Data          32  main.o(.constdata)
    kai1_16                                  0x0800daf4   Data          32  main.o(.constdata)
    qi3_16                                   0x0800db14   Data          32  main.o(.constdata)
    guan1_16                                 0x0800db34   Data          32  main.o(.constdata)
    bi4_16                                   0x0800db54   Data          32  main.o(.constdata)
    fen1_16                                  0x0800db74   Data          32  main.o(.constdata)
    xin1_16                                  0x0800db94   Data          32  main.o(.constdata)
    an4_16                                   0x0800dbb4   Data          32  main.o(.constdata)
    zhao4_16                                 0x0800dbd4   Data          32  main.o(.constdata)
    duan4_16                                 0x0800dbf4   Data          32  main.o(.constdata)
    Gxian4_16                                0x0800dc14   Data          32  main.o(.constdata)
    liang4_16                                0x0800dc34   Data          32  main.o(.constdata)
    du4_16                                   0x0800dc54   Data          32  main.o(.constdata)
    bai1_16                                  0x0800dc74   Data          32  main.o(.constdata)
    tian1_16                                 0x0800dc94   Data          32  main.o(.constdata)
    qu1_16                                   0x0800dcb4   Data          32  main.o(.constdata)
    bang4_16                                 0x0800dcd4   Data          32  main.o(.constdata)
    wan3_16                                  0x0800dcf4   Data          32  main.o(.constdata)
    deng1_16                                 0x0800dd14   Data          32  main.o(.constdata)
    he2_16                                   0x0800dd34   Data          32  main.o(.constdata)
    dang3_16                                 0x0800dd54   Data          32  main.o(.constdata)
    wei4_16                                  0x0800dd74   Data          32  main.o(.constdata)
    dang1_16                                 0x0800dd94   Data          32  main.o(.constdata)
    qian3_16                                 0x0800ddb4   Data          32  main.o(.constdata)
    de_16                                    0x0800ddd4   Data          32  main.o(.constdata)
    chi2_16                                  0x0800ddf4   Data          32  main.o(.constdata)
    xu4_16                                   0x0800de14   Data          32  main.o(.constdata)
    jin4_16                                  0x0800de34   Data          32  main.o(.constdata)
    xing2_16                                 0x0800de54   Data          32  main.o(.constdata)
    zhong1_16                                0x0800de74   Data          32  main.o(.constdata)
    zheng4_16                                0x0800de94   Data          32  main.o(.constdata)
    zai4_16                                  0x0800deb4   Data          32  main.o(.constdata)
    chou1_16                                 0x0800ded4   Data          32  main.o(.constdata)
    chu1_16                                  0x0800def4   Data          32  main.o(.constdata)
    gang1_16                                 0x0800df14   Data          32  main.o(.constdata)
    nei4_16                                  0x0800df34   Data          32  main.o(.constdata)
    yi4_16                                   0x0800df54   Data          32  main.o(.constdata)
    chang2_16                                0x0800df74   Data          32  main.o(.constdata)
    gou1_16                                  0x0800df94   Data          32  main.o(.constdata)
    cha1_16                                  0x0800dfb4   Data          32  main.o(.constdata)
    HuanYingShiYon_16                        0x0800dfd4   Data         128  main.o(.constdata)
    YuGangXiTon_16                           0x0800e054   Data         128  main.o(.constdata)
    KaiFaRen_16                              0x0800e0d4   Data          96  main.o(.constdata)
    jian4_16                                 0x0800e134   Data          32  main.o(.constdata)
    QieHuan_16                               0x0800e154   Data          64  main.o(.constdata)
    ru4_16                                   0x0800e194   Data          32  main.o(.constdata)
    XuanXiang_16                             0x0800e1b4   Data          64  main.o(.constdata)
    jian3_16                                 0x0800e1f4   Data          32  main.o(.constdata)
    jia1_16                                  0x0800e214   Data          32  main.o(.constdata)
    tui4_16                                  0x0800e234   Data          32  main.o(.constdata)
    table_week                               0x0800e254   Data          12  rtc.o(.constdata)
    mon_table                                0x0800e260   Data          12  rtc.o(.constdata)
    ASCII_8x16                               0x0800e26c   Data        1536  oled0561.o(.constdata)
    PIC1                                     0x0800e86c   Data        1024  oled0561.o(.constdata)
    Region$$Table$$Base                      0x0800ed44   Number         0  anon$$obj.o(Region$$Table)
    Region$$Table$$Limit                     0x0800ed64   Number         0  anon$$obj.o(Region$$Table)
    __ctype                                  0x0800ed8d   Data           0  lc_ctype_c.o(locale$$data)
    SystemCoreClock                          0x20000000   Data           4  system_stm32f10x.o(.data)
    AHBPrescTable                            0x20000004   Data          16  system_stm32f10x.o(.data)
    USART1_RX_STA                            0x20000028   Data           2  usart.o(.data)
    __stdout                                 0x2000002c   Data           4  usart.o(.data)
    ryear                                    0x20000032   Data           2  rtc.o(.data)
    rmon                                     0x20000034   Data           1  rtc.o(.data)
    rday                                     0x20000035   Data           1  rtc.o(.data)
    rhour                                    0x20000036   Data           1  rtc.o(.data)
    rmin                                     0x20000037   Data           1  rtc.o(.data)
    rsec                                     0x20000038   Data           1  rtc.o(.data)
    rweek                                    0x20000039   Data           1  rtc.o(.data)
    KEY                                      0x2000003a   Data           1  nvic.o(.data)
    ADC_ConvertedValue                       0x2000003c   Data           2  adc.o(.data)
    USART1_RX_BUF                            0x20000040   Data         200  usart.o(.bss)
    __libspace_start                         0x20000108   Data          96  libspace.o(.bss)
    __temporary_stack_top$libspace           0x20000168   Data           0  libspace.o(.bss)



==============================================================================

Memory Map of the image

  Image Entry point : 0x080000ed

  Load Region LR_IROM1 (Base: 0x08000000, Size: 0x0000eed0, Max: 0x00010000, ABSOLUTE)

    Execution Region ER_IROM1 (Base: 0x08000000, Size: 0x0000ee90, Max: 0x00010000, ABSOLUTE)

    Base Addr    Size         Type   Attr      Idx    E Section Name        Object

    0x08000000   0x000000ec   Data   RO          297    RESET               startup_stm32f10x_md.o
    0x080000ec   0x00000008   Code   RO          738  * !!!main             c_w.l(__main.o)(c_w.l)
    0x080000f4   0x00000034   Code   RO         1067    !!!scatter          c_w.l(__scatter.o)(c_w.l)
    0x08000128   0x0000001a   Code   RO         1069    !!handler_copy      c_w.l(__scatter_copy.o)(c_w.l)
    0x08000142   0x00000002   PAD
    0x08000144   0x0000001c   Code   RO         1071    !!handler_zi        c_w.l(__scatter_zi.o)(c_w.l)
    0x08000160   0x00000000   Code   RO          729    .ARM.Collect$$_printf_percent$$00000000  c_w.l(_printf_percent.o)(c_w.l)
    0x08000160   0x00000006   Code   RO          817    .ARM.Collect$$_printf_percent$$00000001  c_w.l(_printf_n.o)(c_w.l)
    0x08000166   0x00000006   Code   RO          819    .ARM.Collect$$_printf_percent$$00000002  c_w.l(_printf_p.o)(c_w.l)
    0x0800016c   0x00000006   Code   RO          824    .ARM.Collect$$_printf_percent$$00000003  c_w.l(_printf_f.o)(c_w.l)
    0x08000172   0x00000006   Code   RO          825    .ARM.Collect$$_printf_percent$$00000004  c_w.l(_printf_e.o)(c_w.l)
    0x08000178   0x00000006   Code   RO          826    .ARM.Collect$$_printf_percent$$00000005  c_w.l(_printf_g.o)(c_w.l)
    0x0800017e   0x00000006   Code   RO          827    .ARM.Collect$$_printf_percent$$00000006  c_w.l(_printf_a.o)(c_w.l)
    0x08000184   0x0000000a   Code   RO          832    .ARM.Collect$$_printf_percent$$00000007  c_w.l(_printf_ll.o)(c_w.l)
    0x0800018e   0x00000006   Code   RO          821    .ARM.Collect$$_printf_percent$$00000008  c_w.l(_printf_i.o)(c_w.l)
    0x08000194   0x00000006   Code   RO          822    .ARM.Collect$$_printf_percent$$00000009  c_w.l(_printf_d.o)(c_w.l)
    0x0800019a   0x00000006   Code   RO          823    .ARM.Collect$$_printf_percent$$0000000A  c_w.l(_printf_u.o)(c_w.l)
    0x080001a0   0x00000006   Code   RO          820    .ARM.Collect$$_printf_percent$$0000000B  c_w.l(_printf_o.o)(c_w.l)
    0x080001a6   0x00000006   Code   RO          818    .ARM.Collect$$_printf_percent$$0000000C  c_w.l(_printf_x.o)(c_w.l)
    0x080001ac   0x00000006   Code   RO          829    .ARM.Collect$$_printf_percent$$0000000D  c_w.l(_printf_lli.o)(c_w.l)
    0x080001b2   0x00000006   Code   RO          830    .ARM.Collect$$_printf_percent$$0000000E  c_w.l(_printf_lld.o)(c_w.l)
    0x080001b8   0x00000006   Code   RO          831    .ARM.Collect$$_printf_percent$$0000000F  c_w.l(_printf_llu.o)(c_w.l)
    0x080001be   0x00000006   Code   RO          836    .ARM.Collect$$_printf_percent$$00000010  c_w.l(_printf_llo.o)(c_w.l)
    0x080001c4   0x00000006   Code   RO          837    .ARM.Collect$$_printf_percent$$00000011  c_w.l(_printf_llx.o)(c_w.l)
    0x080001ca   0x0000000a   Code   RO          833    .ARM.Collect$$_printf_percent$$00000012  c_w.l(_printf_l.o)(c_w.l)
    0x080001d4   0x00000006   Code   RO          728    .ARM.Collect$$_printf_percent$$00000013  c_w.l(_printf_c.o)(c_w.l)
    0x080001da   0x00000006   Code   RO          816    .ARM.Collect$$_printf_percent$$00000014  c_w.l(_printf_s.o)(c_w.l)
    0x080001e0   0x00000006   Code   RO          834    .ARM.Collect$$_printf_percent$$00000015  c_w.l(_printf_lc.o)(c_w.l)
    0x080001e6   0x00000006   Code   RO          835    .ARM.Collect$$_printf_percent$$00000016  c_w.l(_printf_ls.o)(c_w.l)
    0x080001ec   0x00000004   Code   RO          828    .ARM.Collect$$_printf_percent$$00000017  c_w.l(_printf_percent_end.o)(c_w.l)
    0x080001f0   0x00000006   Code   RO          932    .ARM.Collect$$libinit$$00000000  c_w.l(libinit.o)(c_w.l)
    0x080001f6   0x00000000   Code   RO          949    .ARM.Collect$$libinit$$00000006  c_w.l(libinit2.o)(c_w.l)
    0x080001f6   0x00000000   Code   RO          951    .ARM.Collect$$libinit$$00000008  c_w.l(libinit2.o)(c_w.l)
    0x080001f6   0x00000000   Code   RO          953    .ARM.Collect$$libinit$$0000000A  c_w.l(libinit2.o)(c_w.l)
    0x080001f6   0x00000006   Code   RO          954    .ARM.Collect$$libinit$$0000000B  c_w.l(libinit2.o)(c_w.l)
    0x080001fc   0x00000000   Code   RO          956    .ARM.Collect$$libinit$$0000000D  c_w.l(libinit2.o)(c_w.l)
    0x080001fc   0x0000000c   Code   RO          957    .ARM.Collect$$libinit$$0000000E  c_w.l(libinit2.o)(c_w.l)
    0x08000208   0x00000000   Code   RO          958    .ARM.Collect$$libinit$$0000000F  c_w.l(libinit2.o)(c_w.l)
    0x08000208   0x00000000   Code   RO          960    .ARM.Collect$$libinit$$00000011  c_w.l(libinit2.o)(c_w.l)
    0x08000208   0x0000000a   Code   RO          961    .ARM.Collect$$libinit$$00000012  c_w.l(libinit2.o)(c_w.l)
    0x08000212   0x00000000   Code   RO          962    .ARM.Collect$$libinit$$00000013  c_w.l(libinit2.o)(c_w.l)
    0x08000212   0x00000000   Code   RO          964    .ARM.Collect$$libinit$$00000015  c_w.l(libinit2.o)(c_w.l)
    0x08000212   0x00000000   Code   RO          966    .ARM.Collect$$libinit$$00000017  c_w.l(libinit2.o)(c_w.l)
    0x08000212   0x00000000   Code   RO          968    .ARM.Collect$$libinit$$00000019  c_w.l(libinit2.o)(c_w.l)
    0x08000212   0x00000000   Code   RO          970    .ARM.Collect$$libinit$$0000001B  c_w.l(libinit2.o)(c_w.l)
    0x08000212   0x00000000   Code   RO          972    .ARM.Collect$$libinit$$0000001D  c_w.l(libinit2.o)(c_w.l)
    0x08000212   0x00000000   Code   RO          974    .ARM.Collect$$libinit$$0000001F  c_w.l(libinit2.o)(c_w.l)
    0x08000212   0x00000000   Code   RO          976    .ARM.Collect$$libinit$$00000021  c_w.l(libinit2.o)(c_w.l)
    0x08000212   0x00000000   Code   RO          980    .ARM.Collect$$libinit$$00000028  c_w.l(libinit2.o)(c_w.l)
    0x08000212   0x00000000   Code   RO          982    .ARM.Collect$$libinit$$0000002A  c_w.l(libinit2.o)(c_w.l)
    0x08000212   0x00000000   Code   RO          984    .ARM.Collect$$libinit$$0000002C  c_w.l(libinit2.o)(c_w.l)
    0x08000212   0x00000000   Code   RO          986    .ARM.Collect$$libinit$$0000002E  c_w.l(libinit2.o)(c_w.l)
    0x08000212   0x00000002   Code   RO          987    .ARM.Collect$$libinit$$0000002F  c_w.l(libinit2.o)(c_w.l)
    0x08000214   0x00000002   Code   RO         1011    .ARM.Collect$$libshutdown$$00000000  c_w.l(libshutdown.o)(c_w.l)
    0x08000216   0x00000000   Code   RO         1022    .ARM.Collect$$libshutdown$$00000003  c_w.l(libshutdown2.o)(c_w.l)
    0x08000216   0x00000000   Code   RO         1025    .ARM.Collect$$libshutdown$$00000006  c_w.l(libshutdown2.o)(c_w.l)
    0x08000216   0x00000000   Code   RO         1028    .ARM.Collect$$libshutdown$$00000009  c_w.l(libshutdown2.o)(c_w.l)
    0x08000216   0x00000000   Code   RO         1030    .ARM.Collect$$libshutdown$$0000000B  c_w.l(libshutdown2.o)(c_w.l)
    0x08000216   0x00000000   Code   RO         1033    .ARM.Collect$$libshutdown$$0000000E  c_w.l(libshutdown2.o)(c_w.l)
    0x08000216   0x00000002   Code   RO         1034    .ARM.Collect$$libshutdown$$0000000F  c_w.l(libshutdown2.o)(c_w.l)
    0x08000218   0x00000000   Code   RO          764    .ARM.Collect$$rtentry$$00000000  c_w.l(rtentry.o)(c_w.l)
    0x08000218   0x00000000   Code   RO          850    .ARM.Collect$$rtentry$$00000002  c_w.l(rtentry2.o)(c_w.l)
    0x08000218   0x00000006   Code   RO          865    .ARM.Collect$$rtentry$$00000004  c_w.l(rtentry4.o)(c_w.l)
    0x0800021e   0x00000000   Code   RO          852    .ARM.Collect$$rtentry$$00000009  c_w.l(rtentry2.o)(c_w.l)
    0x0800021e   0x00000004   Code   RO          853    .ARM.Collect$$rtentry$$0000000A  c_w.l(rtentry2.o)(c_w.l)
    0x08000222   0x00000000   Code   RO          855    .ARM.Collect$$rtentry$$0000000C  c_w.l(rtentry2.o)(c_w.l)
    0x08000222   0x00000008   Code   RO          856    .ARM.Collect$$rtentry$$0000000D  c_w.l(rtentry2.o)(c_w.l)
    0x0800022a   0x00000002   Code   RO          940    .ARM.Collect$$rtexit$$00000000  c_w.l(rtexit.o)(c_w.l)
    0x0800022c   0x00000000   Code   RO          991    .ARM.Collect$$rtexit$$00000002  c_w.l(rtexit2.o)(c_w.l)
    0x0800022c   0x00000004   Code   RO          992    .ARM.Collect$$rtexit$$00000003  c_w.l(rtexit2.o)(c_w.l)
    0x08000230   0x00000006   Code   RO          993    .ARM.Collect$$rtexit$$00000004  c_w.l(rtexit2.o)(c_w.l)
    0x08000236   0x00000002   PAD
    0x08000238   0x000001c8   Code   RO           17    .text               system_stm32f10x.o
    0x08000400   0x000000f8   Code   RO          114    .text               misc.o
    0x080004f8   0x00000358   Code   RO          149    .text               stm32f10x_gpio.o
    0x08000850   0x000003a4   Code   RO          161    .text               stm32f10x_rcc.o
    0x08000bf4   0x0000040c   Code   RO          175    .text               stm32f10x_usart.o
    0x08001000   0x000000c4   Code   RO          187    .text               stm32f10x_bkp.o
    0x080010c4   0x000000d8   Code   RO          199    .text               stm32f10x_pwr.o
    0x0800119c   0x00000178   Code   RO          211    .text               stm32f10x_rtc.o
    0x08001314   0x000005c8   Code   RO          223    .text               stm32f10x_flash.o
    0x080018dc   0x000003f0   Code   RO          235    .text               stm32f10x_i2c.o
    0x08001ccc   0x0000013c   Code   RO          247    .text               stm32f10x_exti.o
    0x08001e08   0x00000248   Code   RO          259    .text               stm32f10x_dma.o
    0x08002050   0x00000440   Code   RO          271    .text               stm32f10x_adc.o
    0x08002490   0x00000dae   Code   RO          283    .text               stm32f10x_tim.o
    0x0800323e   0x00000002   PAD
    0x08003240   0x00000040   Code   RO          298    .text               startup_stm32f10x_md.o
    0x08003280   0x00006d3c   Code   RO          302    .text               main.o
    0x08009fbc   0x0000001a   Code   RO          366    .text               stm32f10x_it.o
    0x08009fd6   0x0000009e   Code   RO          381    .text               delay.o
    0x0800a074   0x00000070   Code   RO          396    .text               sys.o
    0x0800a0e4   0x00000070   Code   RO          411    .text               flash.o
    0x0800a154   0x0000019c   Code   RO          426    .text               usart.o
    0x0800a2f0   0x00000388   Code   RO          459    .text               rtc.o
    0x0800a678   0x00000300   Code   RO          478    .text               i2c.o
    0x0800a978   0x00000244   Code   RO          493    .text               nvic.o
    0x0800abbc   0x00000124   Code   RO          511    .text               adc.o
    0x0800ace0   0x0000010c   Code   RO          529    .text               pwm.o
    0x0800adec   0x0000055c   Code   RO          607    .text               oled0561.o
    0x0800b348   0x000002ec   Code   RO          629    .text               ds18b20.o
    0x0800b634   0x00000070   Code   RO          651    .text               relay.o
    0x0800b6a4   0x00000318   Code   RO          666    .text               ds18b20_2.o
    0x0800b9bc   0x0000003c   Code   RO          681    .text               changewatioconfig.o
    0x0800b9f8   0x00000002   Code   RO          698    .text               c_w.l(use_no_semi_2.o)(c_w.l)
    0x0800b9fa   0x00000002   PAD
    0x0800b9fc   0x00000034   Code   RO          700    .text               c_w.l(c89vsnprintf.o)(c_w.l)
    0x0800ba30   0x00000018   Code   RO          702    .text               c_w.l(__2printf.o)(c_w.l)
    0x0800ba48   0x00000052   Code   RO          708    .text               c_w.l(_printf_str.o)(c_w.l)
    0x0800ba9a   0x00000002   PAD
    0x0800ba9c   0x0000019c   Code   RO          725    .text               c_w.l(__printf_flags_ss_wp.o)(c_w.l)
    0x0800bc38   0x0000003e   Code   RO          730    .text               c_w.l(strlen.o)(c_w.l)
    0x0800bc76   0x00000064   Code   RO          732    .text               c_w.l(rt_memcpy_w.o)(c_w.l)
    0x0800bcda   0x0000004e   Code   RO          734    .text               c_w.l(rt_memclr_w.o)(c_w.l)
    0x0800bd28   0x00000006   Code   RO          736    .text               c_w.l(heapauxi.o)(c_w.l)
    0x0800bd2e   0x00000002   Code   RO          762    .text               c_w.l(use_no_semi.o)(c_w.l)
    0x0800bd30   0x00000050   Code   RO          766    .text               c_w.l(_printf_pad.o)(c_w.l)
    0x0800bd80   0x00000024   Code   RO          768    .text               c_w.l(_printf_truncate.o)(c_w.l)
    0x0800bda4   0x00000074   Code   RO          770    .text               c_w.l(_printf_dec.o)(c_w.l)
    0x0800be18   0x0000002a   Code   RO          772    .text               c_w.l(_printf_charcount.o)(c_w.l)
    0x0800be42   0x00000002   PAD
    0x0800be44   0x00000030   Code   RO          774    .text               c_w.l(_printf_char_common.o)(c_w.l)
    0x0800be74   0x0000000a   Code   RO          776    .text               c_w.l(_sputc.o)(c_w.l)
    0x0800be7e   0x00000010   Code   RO          778    .text               c_w.l(_snputc.o)(c_w.l)
    0x0800be8e   0x0000002c   Code   RO          780    .text               c_w.l(_printf_char.o)(c_w.l)
    0x0800beba   0x00000002   PAD
    0x0800bebc   0x00000024   Code   RO          782    .text               c_w.l(_printf_char_file.o)(c_w.l)
    0x0800bee0   0x000000bc   Code   RO          784    .text               c_w.l(_printf_wctomb.o)(c_w.l)
    0x0800bf9c   0x00000078   Code   RO          787    .text               c_w.l(_printf_longlong_dec.o)(c_w.l)
    0x0800c014   0x00000078   Code   RO          793    .text               c_w.l(_printf_oct_int_ll.o)(c_w.l)
    0x0800c08c   0x0000009c   Code   RO          813    .text               c_w.l(_printf_hex_int_ll_ptr.o)(c_w.l)
    0x0800c128   0x0000008a   Code   RO          867    .text               c_w.l(lludiv10.o)(c_w.l)
    0x0800c1b2   0x000000b4   Code   RO          869    .text               c_w.l(_printf_intcommon.o)(c_w.l)
    0x0800c266   0x0000040e   Code   RO          871    .text               c_w.l(_printf_fp_dec.o)(c_w.l)
    0x0800c674   0x0000002c   Code   RO          875    .text               c_w.l(_printf_wchar.o)(c_w.l)
    0x0800c6a0   0x00000008   Code   RO          877    .text               c_w.l(ferror.o)(c_w.l)
    0x0800c6a8   0x00000040   Code   RO          881    .text               c_w.l(_wcrtomb.o)(c_w.l)
    0x0800c6e8   0x00000010   Code   RO          883    .text               c_w.l(rtudiv10.o)(c_w.l)
    0x0800c6f8   0x0000004a   Code   RO          885    .text               c_w.l(sys_stackheap_outer.o)(c_w.l)
    0x0800c742   0x00000002   PAD
    0x0800c744   0x00000010   Code   RO          887    .text               c_w.l(rt_ctype_table.o)(c_w.l)
    0x0800c754   0x0000000c   Code   RO          892    .text               c_w.l(rt_locale_intlibspace.o)(c_w.l)
    0x0800c760   0x0000007c   Code   RO          894    .text               c_w.l(_printf_fp_infnan.o)(c_w.l)
    0x0800c7dc   0x000000ec   Code   RO          896    .text               c_w.l(bigflt0.o)(c_w.l)
    0x0800c8c8   0x0000000c   Code   RO          924    .text               c_w.l(exit.o)(c_w.l)
    0x0800c8d4   0x00000008   Code   RO          937    .text               c_w.l(libspace.o)(c_w.l)
    0x0800c8dc   0x00000080   Code   RO          945    .text               c_w.l(strcmpv7m.o)(c_w.l)
    0x0800c95c   0x0000000c   Code   RO         1001    .text               c_w.l(rt_fp_status_addr_intlibspace.o)(c_w.l)
    0x0800c968   0x0000003e   Code   RO          899    CL$$btod_d2e        c_w.l(btod.o)(c_w.l)
    0x0800c9a6   0x00000046   Code   RO          901    CL$$btod_d2e_denorm_low  c_w.l(btod.o)(c_w.l)
    0x0800c9ec   0x00000060   Code   RO          900    CL$$btod_d2e_norm_op1  c_w.l(btod.o)(c_w.l)
    0x0800ca4c   0x00000338   Code   RO          909    CL$$btod_div_common  c_w.l(btod.o)(c_w.l)
    0x0800cd84   0x000000c6   Code   RO          906    CL$$btod_e2e        c_w.l(btod.o)(c_w.l)
    0x0800ce4a   0x00000028   Code   RO          903    CL$$btod_ediv       c_w.l(btod.o)(c_w.l)
    0x0800ce72   0x00000028   Code   RO          902    CL$$btod_emul       c_w.l(btod.o)(c_w.l)
    0x0800ce9a   0x00000244   Code   RO          908    CL$$btod_mult_common  c_w.l(btod.o)(c_w.l)
    0x0800d0de   0x00000028   Code   RO          935    i.__ARM_fpclassify  m_ws.l(fpclassify.o)(m_ws.l)
    0x0800d106   0x00000002   PAD
    0x0800d108   0x0000002c   Code   RO          922    locale$$code        c_w.l(lc_numeric_c.o)(c_w.l)
    0x0800d134   0x0000002c   Code   RO          943    locale$$code        c_w.l(lc_ctype_c.o)(c_w.l)
    0x0800d160   0x00000062   Code   RO          740    x$fpl$d2f           fz_ws.l(d2f.o)(fz_ws.l)
    0x0800d1c2   0x0000002e   Code   RO          743    x$fpl$dflt          fz_ws.l(dflt_clz.o)(fz_ws.l)
    0x0800d1f0   0x00000154   Code   RO          748    x$fpl$dmul          fz_ws.l(dmul.o)(fz_ws.l)
    0x0800d344   0x0000009c   Code   RO          838    x$fpl$dnaninf       fz_ws.l(dnaninf.o)(fz_ws.l)
    0x0800d3e0   0x0000000c   Code   RO          840    x$fpl$dretinf       fz_ws.l(dretinf.o)(fz_ws.l)
    0x0800d3ec   0x00000056   Code   RO          750    x$fpl$f2d           fz_ws.l(f2d.o)(fz_ws.l)
    0x0800d442   0x00000002   PAD
    0x0800d444   0x00000036   Code   RO          752    x$fpl$ffix          fz_ws.l(ffix.o)(fz_ws.l)
    0x0800d47a   0x00000002   PAD
    0x0800d47c   0x00000030   Code   RO          757    x$fpl$fflt          fz_ws.l(fflt_clz.o)(fz_ws.l)
    0x0800d4ac   0x0000008c   Code   RO          842    x$fpl$fnaninf       fz_ws.l(fnaninf.o)(fz_ws.l)
    0x0800d538   0x0000000e   Code   RO          988    x$fpl$fpinit        fz_ws.l(fpinit.o)(fz_ws.l)
    0x0800d546   0x0000000a   Code   RO          844    x$fpl$fretinf       fz_ws.l(fretinf.o)(fz_ws.l)
    0x0800d550   0x00000004   Code   RO          846    x$fpl$printf1       fz_ws.l(printf1.o)(fz_ws.l)
    0x0800d554   0x00000000   Code   RO          848    x$fpl$usenofp       fz_ws.l(usenofp.o)(fz_ws.l)
    0x0800d554   0x00000d00   Data   RO          303    .constdata          main.o
    0x0800e254   0x00000018   Data   RO          460    .constdata          rtc.o
    0x0800e26c   0x00000a00   Data   RO          608    .constdata          oled0561.o
    0x0800ec6c   0x00000011   Data   RO          726    .constdata          c_w.l(__printf_flags_ss_wp.o)(c_w.l)
    0x0800ec7d   0x00000003   PAD
    0x0800ec80   0x00000008   Data   RO          785    .constdata          c_w.l(_printf_wctomb.o)(c_w.l)
    0x0800ec88   0x00000028   Data   RO          814    .constdata          c_w.l(_printf_hex_int_ll_ptr.o)(c_w.l)
    0x0800ecb0   0x00000094   Data   RO          897    .constdata          c_w.l(bigflt0.o)(c_w.l)
    0x0800ed44   0x00000020   Data   RO         1065    Region$$Table       anon$$obj.o
    0x0800ed64   0x0000001c   Data   RO          921    locale$$data        c_w.l(lc_numeric_c.o)(c_w.l)
    0x0800ed80   0x00000110   Data   RO          942    locale$$data        c_w.l(lc_ctype_c.o)(c_w.l)


    Execution Region RW_IRAM1 (Base: 0x20000000, Size: 0x00000768, Max: 0x00005000, ABSOLUTE)

    Base Addr    Size         Type   Attr      Idx    E Section Name        Object

    0x20000000   0x00000014   Data   RW           18    .data               system_stm32f10x.o
    0x20000014   0x00000014   Data   RW          162    .data               stm32f10x_rcc.o
    0x20000028   0x00000008   Data   RW          428    .data               usart.o
    0x20000030   0x0000000a   Data   RW          461    .data               rtc.o
    0x2000003a   0x00000001   Data   RW          494    .data               nvic.o
    0x2000003b   0x00000001   PAD
    0x2000003c   0x00000002   Data   RW          512    .data               adc.o
    0x2000003e   0x00000002   PAD
    0x20000040   0x000000c8   Zero   RW          427    .bss                usart.o
    0x20000108   0x00000060   Zero   RW          938    .bss                c_w.l(libspace.o)(c_w.l)
    0x20000168   0x00000200   Zero   RW          296    HEAP                startup_stm32f10x_md.o
    0x20000368   0x00000400   Zero   RW          295    STACK               startup_stm32f10x_md.o


==============================================================================

Image component sizes


      Code (inc. data)   RO Data    RW Data    ZI Data      Debug   Object Name

       292         16          0          2          0          0   adc.o
        60          6          0          0          0          0   changewatioconfig.o
         0          0          0          0          0          0   core_cm3.o
       158          0          0          0          0          0   delay.o
       748         12          0          0          0          0   ds18b20.o
       792         12          0          0          0          0   ds18b20_2.o
       112          0          0          0          0          0   flash.o
       768         22          0          0          0          0   i2c.o
     27964       1314       3328          0          0          0   main.o
       248         30          0          0          0          0   misc.o
       580         10          0          1          0          0   nvic.o
      1372         42       2560          0          0          0   oled0561.o
       268          8          0          0          0          0   pwm.o
       112         10          0          0          0          0   relay.o
       904         52         24         10          0          0   rtc.o
        64         26        236          0       1536          0   startup_stm32f10x_md.o
      1088         36          0          0          0          0   stm32f10x_adc.o
       196         32          0          0          0          0   stm32f10x_bkp.o
       584         20          0          0          0          0   stm32f10x_dma.o
       316         28          0          0          0          0   stm32f10x_exti.o
      1480         52          0          0          0          0   stm32f10x_flash.o
       856         40          0          0          0          0   stm32f10x_gpio.o
      1008         16          0          0          0          0   stm32f10x_i2c.o
        26          0          0          0          0          0   stm32f10x_it.o
       216         16          0          0          0          0   stm32f10x_pwr.o
       932         52          0         20          0          0   stm32f10x_rcc.o
       376         32          0          0          0          0   stm32f10x_rtc.o
      3502         86          0          0          0          0   stm32f10x_tim.o
      1036         20          0          0          0          0   stm32f10x_usart.o
       112          0          0          0          0          0   sys.o
       456         36          0         20          0          0   system_stm32f10x.o
       412         26          0          8        200          0   usart.o

    ----------------------------------------------------------------------
     47040       2052       6180         64       1736          0   Object Totals
         0          0         32          0          0          0   (incl. Generated)
         2          0          0          3          0          2   (incl. Padding)

    ----------------------------------------------------------------------

      Code (inc. data)   RO Data    RW Data    ZI Data      Debug   Library Member Name

        24          4          0          0          0          0   __2printf.o
         8          0          0          0          0          0   __main.o
       412          6         17          0          0          0   __printf_flags_ss_wp.o
        52          8          0          0          0          0   __scatter.o
        26          0          0          0          0          0   __scatter_copy.o
        28          0          0          0          0          0   __scatter_zi.o
         6          0          0          0          0          0   _printf_a.o
         6          0          0          0          0          0   _printf_c.o
        44          0          0          0          0          0   _printf_char.o
        48          6          0          0          0          0   _printf_char_common.o
        36          4          0          0          0          0   _printf_char_file.o
        42          0          0          0          0          0   _printf_charcount.o
         6          0          0          0          0          0   _printf_d.o
       116         18          0          0          0          0   _printf_dec.o
         6          0          0          0          0          0   _printf_e.o
         6          0          0          0          0          0   _printf_f.o
      1038          0          0          0          0          0   _printf_fp_dec.o
       124         16          0          0          0          0   _printf_fp_infnan.o
         6          0          0          0          0          0   _printf_g.o
       156          6         40          0          0          0   _printf_hex_int_ll_ptr.o
         6          0          0          0          0          0   _printf_i.o
       180          0          0          0          0          0   _printf_intcommon.o
        10          0          0          0          0          0   _printf_l.o
         6          0          0          0          0          0   _printf_lc.o
        10          0          0          0          0          0   _printf_ll.o
         6          0          0          0          0          0   _printf_lld.o
         6          0          0          0          0          0   _printf_lli.o
         6          0          0          0          0          0   _printf_llo.o
         6          0          0          0          0          0   _printf_llu.o
         6          0          0          0          0          0   _printf_llx.o
       120         16          0          0          0          0   _printf_longlong_dec.o
         6          0          0          0          0          0   _printf_ls.o
         6          0          0          0          0          0   _printf_n.o
         6          0          0          0          0          0   _printf_o.o
       120          8          0          0          0          0   _printf_oct_int_ll.o
         6          0          0          0          0          0   _printf_p.o
        80          0          0          0          0          0   _printf_pad.o
         0          0          0          0          0          0   _printf_percent.o
         4          0          0          0          0          0   _printf_percent_end.o
         6          0          0          0          0          0   _printf_s.o
        82          0          0          0          0          0   _printf_str.o
        36          0          0          0          0          0   _printf_truncate.o
         6          0          0          0          0          0   _printf_u.o
        44          0          0          0          0          0   _printf_wchar.o
       188          6          8          0          0          0   _printf_wctomb.o
         6          0          0          0          0          0   _printf_x.o
        16          0          0          0          0          0   _snputc.o
        10          0          0          0          0          0   _sputc.o
        64          0          0          0          0          0   _wcrtomb.o
       236          6        148          0          0          0   bigflt0.o
      1910        128          0          0          0          0   btod.o
        52          6          0          0          0          0   c89vsnprintf.o
        12          0          0          0          0          0   exit.o
         8          0          0          0          0          0   ferror.o
         6          0          0          0          0          0   heapauxi.o
        44         10        272          0          0          0   lc_ctype_c.o
        44         10         28          0          0          0   lc_numeric_c.o
         6          0          0          0          0          0   libinit.o
        30          0          0          0          0          0   libinit2.o
         2          0          0          0          0          0   libshutdown.o
         2          0          0          0          0          0   libshutdown2.o
         8          4          0          0         96          0   libspace.o
       138          0          0          0          0          0   lludiv10.o
        16          4          0          0          0          0   rt_ctype_table.o
        12          4          0          0          0          0   rt_fp_status_addr_intlibspace.o
        12          4          0          0          0          0   rt_locale_intlibspace.o
        78          0          0          0          0          0   rt_memclr_w.o
       100          0          0          0          0          0   rt_memcpy_w.o
         0          0          0          0          0          0   rtentry.o
        12          0          0          0          0          0   rtentry2.o
         6          0          0          0          0          0   rtentry4.o
         2          0          0          0          0          0   rtexit.o
        10          0          0          0          0          0   rtexit2.o
        16          0          0          0          0          0   rtudiv10.o
       128          0          0          0          0          0   strcmpv7m.o
        62          0          0          0          0          0   strlen.o
        74          0          0          0          0          0   sys_stackheap_outer.o
         2          0          0          0          0          0   use_no_semi.o
         2          0          0          0          0          0   use_no_semi_2.o
        98          4          0          0          0          0   d2f.o
        46          0          0          0          0          0   dflt_clz.o
       340         12          0          0          0          0   dmul.o
       156          4          0          0          0          0   dnaninf.o
        12          0          0          0          0          0   dretinf.o
        86          4          0          0          0          0   f2d.o
        54          4          0          0          0          0   ffix.o
        48          0          0          0          0          0   fflt_clz.o
       140          4          0          0          0          0   fnaninf.o
        14          0          0          0          0          0   fpinit.o
        10          0          0          0          0          0   fretinf.o
         4          0          0          0          0          0   printf1.o
         0          0          0          0          0          0   usenofp.o
        40          0          0          0          0          0   fpclassify.o

    ----------------------------------------------------------------------
      7336        306        516          0         96          0   Library Totals
        20          0          3          0          0          0   (incl. Padding)

    ----------------------------------------------------------------------

      Code (inc. data)   RO Data    RW Data    ZI Data      Debug   Library Name

      6268        274        513          0         96       4388   c_w.l
      1008         32          0          0          0        956   fz_ws.l
        40          0          0          0          0         68   m_ws.l

    ----------------------------------------------------------------------
      7336        306        516          0         96          0   Library Totals

    ----------------------------------------------------------------------

==============================================================================


      Code (inc. data)   RO Data    RW Data    ZI Data      Debug   

     54376       2358       6696         64       1832     426296   Grand Totals
     54376       2358       6696         64       1832     426296   ELF Image Totals
     54376       2358       6696         64          0          0   ROM Totals

==============================================================================

    Total RO  Size (Code + RO Data)                61072 (  59.64kB)
    Total RW  Size (RW Data + ZI Data)              1896 (   1.85kB)
    Total ROM Size (Code + RO Data + RW Data)      61136 (  59.70kB)

==============================================================================

